###############################################################################
#
# IAR ELF Linker V8.42.1.236/W32 for ARM                  19/Apr/2021  18:00:24
# Copyright 2007-2019 IAR Systems AB.
#
#    Output file  =
#        D:\ika\development\NETPING_PROJECT\59\boot_tftp\boot2\EWARM\boot2\Exe\boot2.out
#    Map file     =
#        D:\ika\development\NETPING_PROJECT\59\boot_tftp\boot2\EWARM\boot2\List\boot2.map
#    Command line =
#        -f C:\Users\ivanov\AppData\Local\Temp\EWA064.tmp
#        (D:\ika\development\NETPING_PROJECT\59\boot_tftp\boot2\EWARM\boot2\Obj\clock-arch.o
#        D:\ika\development\NETPING_PROJECT\59\boot_tftp\boot2\EWARM\boot2\Obj\crc16.o
#        D:\ika\development\NETPING_PROJECT\59\boot_tftp\boot2\EWARM\boot2\Obj\ethernet.o
#        D:\ika\development\NETPING_PROJECT\59\boot_tftp\boot2\EWARM\boot2\Obj\flash_if.o
#        D:\ika\development\NETPING_PROJECT\59\boot_tftp\boot2\EWARM\boot2\Obj\main.o
#        D:\ika\development\NETPING_PROJECT\59\boot_tftp\boot2\EWARM\boot2\Obj\psock.o
#        D:\ika\development\NETPING_PROJECT\59\boot_tftp\boot2\EWARM\boot2\Obj\startup_stm32f107xc.o
#        D:\ika\development\NETPING_PROJECT\59\boot_tftp\boot2\EWARM\boot2\Obj\stm32f1xx_hal.o
#        D:\ika\development\NETPING_PROJECT\59\boot_tftp\boot2\EWARM\boot2\Obj\stm32f1xx_hal_cortex.o
#        D:\ika\development\NETPING_PROJECT\59\boot_tftp\boot2\EWARM\boot2\Obj\stm32f1xx_hal_dma.o
#        D:\ika\development\NETPING_PROJECT\59\boot_tftp\boot2\EWARM\boot2\Obj\stm32f1xx_hal_eth.o
#        D:\ika\development\NETPING_PROJECT\59\boot_tftp\boot2\EWARM\boot2\Obj\stm32f1xx_hal_exti.o
#        D:\ika\development\NETPING_PROJECT\59\boot_tftp\boot2\EWARM\boot2\Obj\stm32f1xx_hal_flash.o
#        D:\ika\development\NETPING_PROJECT\59\boot_tftp\boot2\EWARM\boot2\Obj\stm32f1xx_hal_flash_ex.o
#        D:\ika\development\NETPING_PROJECT\59\boot_tftp\boot2\EWARM\boot2\Obj\stm32f1xx_hal_gpio.o
#        D:\ika\development\NETPING_PROJECT\59\boot_tftp\boot2\EWARM\boot2\Obj\stm32f1xx_hal_gpio_ex.o
#        D:\ika\development\NETPING_PROJECT\59\boot_tftp\boot2\EWARM\boot2\Obj\stm32f1xx_hal_msp.o
#        D:\ika\development\NETPING_PROJECT\59\boot_tftp\boot2\EWARM\boot2\Obj\stm32f1xx_hal_pwr.o
#        D:\ika\development\NETPING_PROJECT\59\boot_tftp\boot2\EWARM\boot2\Obj\stm32f1xx_hal_rcc.o
#        D:\ika\development\NETPING_PROJECT\59\boot_tftp\boot2\EWARM\boot2\Obj\stm32f1xx_hal_rcc_ex.o
#        D:\ika\development\NETPING_PROJECT\59\boot_tftp\boot2\EWARM\boot2\Obj\stm32f1xx_hal_rtc.o
#        D:\ika\development\NETPING_PROJECT\59\boot_tftp\boot2\EWARM\boot2\Obj\stm32f1xx_hal_rtc_ex.o
#        D:\ika\development\NETPING_PROJECT\59\boot_tftp\boot2\EWARM\boot2\Obj\stm32f1xx_hal_tim.o
#        D:\ika\development\NETPING_PROJECT\59\boot_tftp\boot2\EWARM\boot2\Obj\stm32f1xx_hal_tim_ex.o
#        D:\ika\development\NETPING_PROJECT\59\boot_tftp\boot2\EWARM\boot2\Obj\stm32f1xx_hal_timebase_tim.o
#        D:\ika\development\NETPING_PROJECT\59\boot_tftp\boot2\EWARM\boot2\Obj\stm32f1xx_hal_wwdg.o
#        D:\ika\development\NETPING_PROJECT\59\boot_tftp\boot2\EWARM\boot2\Obj\stm32f1xx_it.o
#        D:\ika\development\NETPING_PROJECT\59\boot_tftp\boot2\EWARM\boot2\Obj\system_stm32f1xx.o
#        D:\ika\development\NETPING_PROJECT\59\boot_tftp\boot2\EWARM\boot2\Obj\tftp.o
#        D:\ika\development\NETPING_PROJECT\59\boot_tftp\boot2\EWARM\boot2\Obj\timer.o
#        D:\ika\development\NETPING_PROJECT\59\boot_tftp\boot2\EWARM\boot2\Obj\uip-fw.o
#        D:\ika\development\NETPING_PROJECT\59\boot_tftp\boot2\EWARM\boot2\Obj\uip-neighbor.o
#        D:\ika\development\NETPING_PROJECT\59\boot_tftp\boot2\EWARM\boot2\Obj\uip-split.o
#        D:\ika\development\NETPING_PROJECT\59\boot_tftp\boot2\EWARM\boot2\Obj\uip.o
#        D:\ika\development\NETPING_PROJECT\59\boot_tftp\boot2\EWARM\boot2\Obj\uip_arp.o
#        D:\ika\development\NETPING_PROJECT\59\boot_tftp\boot2\EWARM\boot2\Obj\uiplib.o
#        --no_out_extension -o
#        D:\ika\development\NETPING_PROJECT\59\boot_tftp\boot2\EWARM\boot2\Exe\boot2.out
#        --redirect _Printf=_PrintfTiny --redirect _Scanf=_ScanfSmallNoMb --map
#        D:\ika\development\NETPING_PROJECT\59\boot_tftp\boot2\EWARM\boot2\List\boot2.map
#        --log modules,sections,call_graph --log_file
#        D:\ika\development\NETPING_PROJECT\59\boot_tftp\boot2\EWARM\boot2\List\boot2.log
#        --config
#        D:\ika\development\NETPING_PROJECT\59\boot_tftp\boot2\EWARM\stm32f107xc_flash.icf
#        --semihosting --entry __iar_program_start --no_vfe --text_out locale
#        --no_free_heap)
#
###############################################################################

*******************************************************************************
*** RUNTIME MODEL ATTRIBUTES
***

CppFlavor       = *
__Heap_Handler  = NoFree
__SystemLibrary = DLib
__dlib_version  = 6


*******************************************************************************
*** HEAP SELECTION
***

The no free heap was selected because of --no_free_heap.


*******************************************************************************
*** PLACEMENT SUMMARY
***

"A0":  place at address 0x800'0000 { ro section .intvec };
"P1":  place in [from 0x800'0000 to 0x800'5000] { ro };
define block CSTACK with size = 8K, alignment = 8 { };
define block HEAP with size = 19'968, alignment = 8 { };
"P2":  place in [from 0x2000'0000 to 0x2000'ffff] {
          rw, block CSTACK, block HEAP };
initialize by copy { rw };

  Section            Kind         Address    Size  Object
  -------            ----         -------    ----  ------
"A0":                                       0x150
  .intvec            ro code   0x800'0000   0x150  startup_stm32f107xc.o [1]
                             - 0x800'0150   0x150

"P1", part 1 of 2:                         0x4429
  .text              ro code   0x800'0150   0xbcc  uip.o [1]
  .text              ro code   0x800'0d1c    0x3a  ABImemset48.o [3]
  .text              ro code   0x800'0d56    0x3a  zero_init3.o [3]
  .text              ro code   0x800'0d90   0x30c  ethernet.o [1]
  .text              ro code   0x800'109c   0x340  uip_arp.o [1]
  .text              ro code   0x800'13dc   0x7b4  stm32f1xx_hal_eth.o [1]
  .text              ro code   0x800'1b90    0xe4  tftp.o [1]
  .text              ro code   0x800'1c74    0xa6  ABImemcpy.o [3]
  .text              ro code   0x800'1d1c    0x66  ABImemset.o [3]
  .text              ro code   0x800'1d84   0x1b0  stm32f1xx_hal_msp.o [1]
  .text              ro code   0x800'1f34     0xc  stm32f1xx_hal.o [1]
  .text              ro code   0x800'1f40   0x7c8  stm32f1xx_hal_rcc.o [1]
  .text              ro code   0x800'2708    0x28  stm32f1xx_hal.o [1]
  .text              ro code   0x800'2730     0x2  stm32f1xx_hal_eth.o [1]
  .text              ro code   0x800'2732     0x2  stm32f1xx_hal_eth.o [1]
  .text              ro code   0x800'2734     0x2  stm32f1xx_hal_eth.o [1]
  .text              ro code   0x800'2738   0x77c  flash_if.o [1]
  .text              ro code   0x800'2eb4    0x14  memset.o [3]
  .text              ro code   0x800'2ec8   0x2c0  stm32f1xx_hal_gpio.o [1]
  .text              ro code   0x800'3188    0xc4  stm32f1xx_hal_cortex.o [1]
  .text              ro code   0x800'324c    0x7c  stm32f1xx_hal_timebase_tim.o [1]
  .text              ro code   0x800'32c8   0x230  I64DivMod.o [3]
  .text              ro code   0x800'34f8   0x190  stm32f1xx_hal_flash.o [1]
  .text              ro code   0x800'3688    0xdc  stm32f1xx_hal_flash_ex.o [1]
  .text              ro code   0x800'3764   0x120  stm32f1xx_hal_dma.o [1]
  .text              ro code   0x800'3884   0x370  main.o [1]
  .text              ro code   0x800'3bf4    0x48  stm32f1xx_hal.o [1]
  .text              ro code   0x800'3c3c    0x34  crc16.o [1]
  .text              ro code   0x800'3c70   0x292  stm32f1xx_hal_tim.o [1]
  .text              ro code   0x800'3f04     0x2  I64DivZer.o [3]
  .text              ro code   0x800'3f08    0x1e  U64Shr.o [3]
  .text              ro code   0x800'3f28   0x194  stm32f1xx_hal_rcc_ex.o [1]
  .text              ro code   0x800'40bc    0x10  stm32f1xx_hal.o [1]
  .text              ro code   0x800'40cc     0x2  stm32f1xx_hal.o [1]
  .text              ro code   0x800'40ce     0x2  stm32f1xx_hal_tim.o [1]
  .text              ro code   0x800'40d0     0x2  stm32f1xx_hal_tim.o [1]
  .text              ro code   0x800'40d2     0x2  stm32f1xx_hal_tim.o [1]
  .text              ro code   0x800'40d4     0x2  stm32f1xx_hal_tim_ex.o [1]
  .text              ro code   0x800'40d6     0x2  stm32f1xx_hal_tim.o [1]
  .text              ro code   0x800'40d8     0x2  stm32f1xx_hal_tim_ex.o [1]
  .rodata            const     0x800'40dc   0x200  crc16.o [1]
  .text              ro code   0x800'42dc    0x5c  stm32f1xx_it.o [1]
  .text              ro code   0x800'4338    0x38  packbits_init_single.o [3]
  .text              ro code   0x800'4370    0x2c  iarttio.o [4]
  .text              ro code   0x800'439c     0x8  XShttio.o [2]
  .text              ro code   0x800'43a4    0x28  data_init.o [3]
  .iar.init_table    const     0x800'43cc    0x20  - Linker created -
  .text              ro code   0x800'43ec    0x1e  cmain.o [3]
  .text              ro code   0x800'440a     0x4  low_level_init.o [2]
  .text              ro code   0x800'440e     0x4  exit.o [2]
  .text              ro code   0x800'4414     0xa  cexit.o [3]
  .text              ro code   0x800'4420    0x14  exit.o [4]
  .text              ro code   0x800'4434    0x14  system_stm32f1xx.o [1]
  .text              ro code   0x800'4448    0x10  startup_stm32f107xc.o [1]
  .text              ro code   0x800'4458     0xc  cstartup_M.o [3]
  .rodata            const     0x800'4464     0x8  system_stm32f1xx.o [1]
  .text              ro code   0x800'446c     0x4  startup_stm32f107xc.o [1]
  .text              ro code   0x800'4470     0x4  startup_stm32f107xc.o [1]
  .text              ro code   0x800'4474     0x4  startup_stm32f107xc.o [1]
  .text              ro code   0x800'4478     0x4  startup_stm32f107xc.o [1]
  .text              ro code   0x800'447c     0x4  startup_stm32f107xc.o [1]
  .text              ro code   0x800'4480     0x4  startup_stm32f107xc.o [1]
  .text              ro code   0x800'4484     0x4  startup_stm32f107xc.o [1]
  .text              ro code   0x800'4488     0x4  startup_stm32f107xc.o [1]
  .text              ro code   0x800'448c     0x4  startup_stm32f107xc.o [1]
  .text              ro code   0x800'4490     0x4  startup_stm32f107xc.o [1]
  .text              ro code   0x800'4494     0x4  startup_stm32f107xc.o [1]
  .text              ro code   0x800'4498     0x4  startup_stm32f107xc.o [1]
  .text              ro code   0x800'449c     0x4  startup_stm32f107xc.o [1]
  .text              ro code   0x800'44a0     0x4  startup_stm32f107xc.o [1]
  .text              ro code   0x800'44a4     0x4  startup_stm32f107xc.o [1]
  .text              ro code   0x800'44a8     0x4  startup_stm32f107xc.o [1]
  .text              ro code   0x800'44ac     0x4  startup_stm32f107xc.o [1]
  .text              ro code   0x800'44b0     0x4  startup_stm32f107xc.o [1]
  .text              ro code   0x800'44b4     0x4  startup_stm32f107xc.o [1]
  .text              ro code   0x800'44b8     0x4  startup_stm32f107xc.o [1]
  .text              ro code   0x800'44bc     0x4  startup_stm32f107xc.o [1]
  .text              ro code   0x800'44c0     0x4  startup_stm32f107xc.o [1]
  .text              ro code   0x800'44c4     0x4  startup_stm32f107xc.o [1]
  .text              ro code   0x800'44c8     0x4  startup_stm32f107xc.o [1]
  .text              ro code   0x800'44cc     0x4  startup_stm32f107xc.o [1]
  .text              ro code   0x800'44d0     0x4  startup_stm32f107xc.o [1]
  .text              ro code   0x800'44d4     0x4  startup_stm32f107xc.o [1]
  .text              ro code   0x800'44d8     0x4  startup_stm32f107xc.o [1]
  .text              ro code   0x800'44dc     0x4  startup_stm32f107xc.o [1]
  .text              ro code   0x800'44e0     0x4  startup_stm32f107xc.o [1]
  .text              ro code   0x800'44e4     0x4  startup_stm32f107xc.o [1]
  .text              ro code   0x800'44e8     0x4  startup_stm32f107xc.o [1]
  .text              ro code   0x800'44ec     0x4  startup_stm32f107xc.o [1]
  .text              ro code   0x800'44f0     0x4  startup_stm32f107xc.o [1]
  .text              ro code   0x800'44f4     0x4  startup_stm32f107xc.o [1]
  .text              ro code   0x800'44f8     0x4  startup_stm32f107xc.o [1]
  .text              ro code   0x800'44fc     0x4  startup_stm32f107xc.o [1]
  .text              ro code   0x800'4500     0x4  startup_stm32f107xc.o [1]
  .text              ro code   0x800'4504     0x4  startup_stm32f107xc.o [1]
  .text              ro code   0x800'4508     0x4  startup_stm32f107xc.o [1]
  .text              ro code   0x800'450c     0x4  startup_stm32f107xc.o [1]
  .text              ro code   0x800'4510     0x4  startup_stm32f107xc.o [1]
  .text              ro code   0x800'4514     0x4  startup_stm32f107xc.o [1]
  .text              ro code   0x800'4518     0x4  startup_stm32f107xc.o [1]
  .text              ro code   0x800'451c     0x4  startup_stm32f107xc.o [1]
  .text              ro code   0x800'4520     0x4  startup_stm32f107xc.o [1]
  .text              ro code   0x800'4524     0x4  startup_stm32f107xc.o [1]
  .text              ro code   0x800'4528     0x4  startup_stm32f107xc.o [1]
  .text              ro code   0x800'452c     0x4  startup_stm32f107xc.o [1]
  .text              ro code   0x800'4530     0x4  startup_stm32f107xc.o [1]
  .text              ro code   0x800'4534     0x4  startup_stm32f107xc.o [1]
  .text              ro code   0x800'4538     0x4  startup_stm32f107xc.o [1]
  .text              ro code   0x800'453c     0x4  startup_stm32f107xc.o [1]
  .text              ro code   0x800'4540     0x4  startup_stm32f107xc.o [1]
  .text              ro code   0x800'4544     0x4  startup_stm32f107xc.o [1]
  .text              ro code   0x800'4548     0x4  startup_stm32f107xc.o [1]
  .text              ro code   0x800'454c     0x4  startup_stm32f107xc.o [1]
  .text              ro code   0x800'4550     0x4  startup_stm32f107xc.o [1]
  Initializer bytes  const     0x800'4554    0x25  <for P2-1>
                             - 0x800'4579  0x4429

"P1", part 2 of 2:                            0x0
  .rodata            const     0x800'4fff     0x0  zero_init3.o [3]
  .rodata            const     0x800'4fff     0x0  packbits_init_single.o [3]

Absolute sections, part 1 of 2:              0x1c
  .rodata            const     0x800'5000     0x2  flash_if.o [1]
  .rodata            const     0x800'5002     0x2  flash_if.o [1]
  .rodata            const     0x800'5004     0x4  flash_if.o [1]
  .rodata            const     0x800'5008     0x4  flash_if.o [1]
  .rodata            const     0x800'500c     0x4  flash_if.o [1]
  .rodata            const     0x800'5010     0x4  flash_if.o [1]
  .rodata            const     0x800'5014     0x4  flash_if.o [1]
  .rodata            const     0x800'5018     0x4  flash_if.o [1]
                             - 0x800'501c    0x1c

Absolute sections, part 2 of 2:             0x7d0
  .rodata            const     0x800'5802   0x7d0  flash_if.o [1]
                             - 0x800'5fd2   0x7d0

"P2", part 1 of 3:                          0x12d
  P2-1                        0x2000'0000   0x12d  <Init block>
    .data            inited   0x2000'0000     0xc  flash_if.o [1]
    .data            inited   0x2000'000c     0xc  stm32f1xx_hal.o [1]
    .data            inited   0x2000'0018     0x4  system_stm32f1xx.o [1]
    .data            inited   0x2000'001c   0x108  tftp.o [1]
    .data            inited   0x2000'0124     0x8  XShttio.o [2]
    .data            inited   0x2000'012c     0x1  uip_arp.o [1]
                            - 0x2000'012d   0x12d

"P2", part 2 of 3:                         0xaa78
  .bss               zero     0x2000'0130  0x608c  ethernet.o [1]
  .bss               zero     0x2000'61bc  0x1e8c  uip.o [1]
  .bss               zero     0x2000'8048   0xfe4  flash_if.o [1]
  .bss               zero     0x2000'902c   0xc18  uip.o [1]
  .bss               zero     0x2000'9c44   0x818  flash_if.o [1]
  .bss               zero     0x2000'a45c   0x5e0  uip.o [1]
  .bss               zero     0x2000'aa3c    0x60  uip_arp.o [1]
  .bss               zero     0x2000'aa9c    0x48  stm32f1xx_hal_timebase_tim.o [1]
  .bss               zero     0x2000'aae4    0x44  ethernet.o [1]
  .bss               zero     0x2000'ab28    0x38  uip.o [1]
  .bss               zero     0x2000'ab60    0x20  stm32f1xx_hal_flash.o [1]
  .bss               zero     0x2000'ab80     0x8  flash_if.o [1]
  .bss               zero     0x2000'ab88     0x8  uip.o [1]
  .bss               zero     0x2000'ab90     0x8  uip_arp.o [1]
  .bss               zero     0x2000'ab98     0x4  stm32f1xx_it.o [1]
  .bss               zero     0x2000'ab9c     0x4  uip.o [1]
  .bss               zero     0x2000'aba0     0x4  uip.o [1]
  .bss               zero     0x2000'aba4     0x1  stm32f1xx_it.o [1]
  .bss               zero     0x2000'aba5     0x1  stm32f1xx_it.o [1]
  .bss               zero     0x2000'aba6     0x1  uip_arp.o [1]
                            - 0x2000'aba7  0xaa77

"P2", part 3 of 3:                         0x2000
  CSTACK                      0x2000'aba8  0x2000  <Block>
    CSTACK           uninit   0x2000'aba8  0x2000  <Block tail>
                            - 0x2000'cba8  0x2000

Unused ranges:

         From           To    Size
         ----           --    ----
   0x800'4579   0x800'4ffe   0xa86
   0x800'4fff   0x800'4fff     0x1
  0x2000'012d  0x2000'012f     0x3
  0x2000'cba8  0x2000'ffff  0x3458


*******************************************************************************
*** INIT TABLE
***

          Address      Size
          -------      ----
Zero (__iar_zero_init3)
    1 destination range, total size 0xaa77:
          0x2000'0130  0xaa77

Copy/packbits (__iar_packbits_init_single3)
    1 source range, total size 0x25 (12% of destination):
           0x800'4554    0x25
    1 destination range, total size 0x12d:
          0x2000'0000   0x12d



*******************************************************************************
*** MODULE SUMMARY
***

    Module                        ro code  ro data  rw data  ro data
                                                              (abs)
    ------                        -------  -------  -------  -------
command line/config:
    ----------------------------------------------------------------
    Total:

D:\ika\development\NETPING_PROJECT\59\boot_tftp\boot2\EWARM\boot2\Obj: [1]
    crc16.o                            52      512
    ethernet.o                        780            24'784
    flash_if.o                      1'916        1    6'160    2'028
    main.o                            880
    startup_stm32f107xc.o             584
    stm32f1xx_hal.o                   142        1       12
    stm32f1xx_hal_cortex.o            196
    stm32f1xx_hal_dma.o               288
    stm32f1xx_hal_eth.o             1'978
    stm32f1xx_hal_flash.o             400                32
    stm32f1xx_hal_flash_ex.o          220
    stm32f1xx_hal_gpio.o              704
    stm32f1xx_hal_msp.o               432
    stm32f1xx_hal_rcc.o             1'992
    stm32f1xx_hal_rcc_ex.o            404
    stm32f1xx_hal_tim.o               666
    stm32f1xx_hal_tim_ex.o              4
    stm32f1xx_hal_timebase_tim.o      124                72
    stm32f1xx_it.o                     92                 6
    system_stm32f1xx.o                 20        9        4
    tftp.o                            228       32      264
    uip.o                           3'020            12'492
    uip_arp.o                         832        1      106
    ----------------------------------------------------------------
    Total:                         15'954      556   43'932    2'028

dl7M_tlf.a: [2]
    XShttio.o                           8        1        8
    exit.o                              4
    low_level_init.o                    4
    ----------------------------------------------------------------
    Total:                             16        1        8

rt7M_tl.a: [3]
    ABImemcpy.o                       166
    ABImemset.o                       102
    ABImemset48.o                      58
    I64DivMod.o                       560
    I64DivZer.o                         2
    U64Shr.o                           30
    cexit.o                            10
    cmain.o                            30
    cstartup_M.o                       12
    data_init.o                        40
    memset.o                           20
    packbits_init_single.o             56
    zero_init3.o                       58
    ----------------------------------------------------------------
    Total:                          1'144

shb_l.a: [4]
    exit.o                             20
    iarttio.o                          44
    ----------------------------------------------------------------
    Total:                             64

    Gaps                               16        2
    Linker created                              32    8'192
--------------------------------------------------------------------
    Grand Total:                   17'194      591   52'132    2'028


*******************************************************************************
*** ENTRY LIST
***

Entry                       Address    Size  Type      Object
-----                       -------    ----  ----      ------
.iar.init_table$$Base    0x800'43cc           --   Gb  - Linker created -
.iar.init_table$$Limit   0x800'43ec           --   Gb  - Linker created -
?main                    0x800'43ed          Code  Gb  cmain.o [3]
AHBPrescTable            0x800'4438    0x10  Data  Gb  system_stm32f1xx.o [1]
APBPrescTable            0x800'4464     0x8  Data  Gb  system_stm32f1xx.o [1]
BOOT_EthernetInit        0x800'0daf    0x90  Code  Gb  ethernet.o [1]
BOOT_VER                 0x800'5018     0x4  Data  Gb  flash_if.o [1]
BusFault_Handler         0x800'4301     0x6  Code  Gb  stm32f1xx_it.o [1]
CRC_APP                  0x800'5000     0x2  Data  Gb  flash_if.o [1]
CRC_BOOT                 0x800'5002     0x2  Data  Gb  flash_if.o [1]
CSTACK$$Base            0x2000'aba8           --   Gb  - Linker created -
CSTACK$$Limit           0x2000'cba8           --   Gb  - Linker created -
Comp_CRC_APP             0x800'2dd1    0x2e  Code  Gb  flash_if.o [1]
DMARxDscrTab            0x2000'017c    0x80  Data  Gb  ethernet.o [1]
DMATxDscrTab            0x2000'01fc    0x80  Data  Gb  ethernet.o [1]
DeSystemClock_Config     0x800'3ad9    0x60  Code  Gb  main.o [1]
DebugMon_Handler         0x800'430f     0x2  Code  Gb  stm32f1xx_it.o [1]
ETH_Configuration        0x800'0e3f    0x30  Code  Gb  ethernet.o [1]
ETH_DMAReceptionEnable   0x800'1b07    0x10  Code  Lc  stm32f1xx_hal_eth.o [1]
ETH_DMATransmissionEnable
                         0x800'1af7    0x10  Code  Lc  stm32f1xx_hal_eth.o [1]
ETH_Delay                0x800'1b41    0x24  Code  Lc  stm32f1xx_hal_eth.o [1]
ETH_FlushTransmitFIFO    0x800'1b17    0x2a  Code  Lc  stm32f1xx_hal_eth.o [1]
ETH_IRQHandler           0x800'431b     0x6  Code  Gb  stm32f1xx_it.o [1]
ETH_MACAddressConfig     0x800'1a81    0x2a  Code  Lc  stm32f1xx_hal_eth.o [1]
ETH_MACDMAConfig         0x800'1989    0xf8  Code  Lc  stm32f1xx_hal_eth.o [1]
ETH_MACReceptionEnable   0x800'1ad1    0x26  Code  Lc  stm32f1xx_hal_eth.o [1]
ETH_MACTransmissionEnable
                         0x800'1aab    0x26  Code  Lc  stm32f1xx_hal_eth.o [1]
ETH_SendUDPResponse      0x800'1c0d    0x48  Code  Gb  tftp.o [1]
ETH_TransmitBuffer      0x2000'0024   0x100  Data  Gb  tftp.o [1]
ETH_WKUP_IRQHandler      0x800'4321     0x6  Code  Gb  stm32f1xx_it.o [1]
Error_Handler            0x800'3bf1     0x4  Code  Gb  main.o [1]
FLASH_If_Erase           0x800'274f    0x42  Code  Gb  flash_if.o [1]
FLASH_If_Init            0x800'2739    0x16  Code  Gb  flash_if.o [1]
FLASH_If_Write           0x800'2791    0x4c  Code  Gb  flash_if.o [1]
FLASH_MassErase          0x800'3725    0x1a  Code  Lc  stm32f1xx_hal_flash_ex.o [1]
FLASH_PageErase          0x800'373f    0x1c  Code  Gb  stm32f1xx_hal_flash_ex.o [1]
FLASH_Program_HalfWord   0x800'35b1    0x14  Code  Lc  stm32f1xx_hal_flash.o [1]
FLASH_SetErrorCode       0x800'3617    0x58  Code  Lc  stm32f1xx_hal_flash.o [1]
FLASH_WaitForLastOperation
                         0x800'35c5    0x52  Code  Gb  stm32f1xx_hal_flash.o [1]
FW_LEN                   0x800'5014     0x4  Data  Gb  flash_if.o [1]
FW_VER                   0x800'5010     0x4  Data  Gb  flash_if.o [1]
FW_data                 0x2000'8048   0xfe4  Data  Gb  flash_if.o [1]
HAL_DMA_DeInit           0x800'37ed    0x82  Code  Gb  stm32f1xx_hal_dma.o [1]
HAL_DMA_Init             0x800'3765    0x88  Code  Gb  stm32f1xx_hal_dma.o [1]
HAL_DeInit               0x800'3c15    0x20  Code  Gb  stm32f1xx_hal.o [1]
HAL_Delay                0x800'2709    0x28  Code  Wk  stm32f1xx_hal.o [1]
HAL_ETH_DMARxDescListInit
                         0x800'15fb    0x70  Code  Gb  stm32f1xx_hal_eth.o [1]
HAL_ETH_DMATxDescListInit
                         0x800'158f    0x6c  Code  Gb  stm32f1xx_hal_eth.o [1]
HAL_ETH_DeInit           0x800'1579    0x16  Code  Gb  stm32f1xx_hal_eth.o [1]
HAL_ETH_GetReceivedFrame
                         0x800'1765    0x88  Code  Gb  stm32f1xx_hal_eth.o [1]
HAL_ETH_IRQHandler       0x800'17ed    0x74  Code  Gb  stm32f1xx_hal_eth.o [1]
HAL_ETH_Init             0x800'13dd   0x19c  Code  Gb  stm32f1xx_hal_eth.o [1]
HAL_ETH_MspDeInit        0x800'1ec9    0x50  Code  Gb  stm32f1xx_hal_msp.o [1]
HAL_ETH_MspInit          0x800'1dbb   0x10e  Code  Gb  stm32f1xx_hal_msp.o [1]
HAL_ETH_ReadPHYRegister
                         0x800'1861    0x78  Code  Gb  stm32f1xx_hal_eth.o [1]
HAL_ETH_Start            0x800'1947    0x42  Code  Gb  stm32f1xx_hal_eth.o [1]
HAL_ETH_TransmitFrame    0x800'166b    0xfa  Code  Gb  stm32f1xx_hal_eth.o [1]
HAL_ETH_WritePHYRegister
                         0x800'18d9    0x6e  Code  Gb  stm32f1xx_hal_eth.o [1]
HAL_FLASHEx_Erase        0x800'3689    0x9c  Code  Gb  stm32f1xx_hal_flash_ex.o [1]
HAL_FLASH_Lock           0x800'35a3     0xe  Code  Gb  stm32f1xx_hal_flash.o [1]
HAL_FLASH_Program        0x800'34f9    0x8e  Code  Gb  stm32f1xx_hal_flash.o [1]
HAL_FLASH_Unlock         0x800'3587    0x1c  Code  Gb  stm32f1xx_hal_flash.o [1]
HAL_GPIO_DeInit          0x800'305b    0xda  Code  Gb  stm32f1xx_hal_gpio.o [1]
HAL_GPIO_Init            0x800'2ec9   0x192  Code  Gb  stm32f1xx_hal_gpio.o [1]
HAL_GPIO_TogglePin       0x800'3143    0x10  Code  Gb  stm32f1xx_hal_gpio.o [1]
HAL_GPIO_WritePin        0x800'3135     0xe  Code  Gb  stm32f1xx_hal_gpio.o [1]
HAL_GetTick              0x800'1f35     0xc  Code  Wk  stm32f1xx_hal.o [1]
HAL_IncTick              0x800'40bd    0x10  Code  Wk  stm32f1xx_hal.o [1]
HAL_Init                 0x800'3bf5    0x20  Code  Gb  stm32f1xx_hal.o [1]
HAL_InitTick             0x800'324d    0x6a  Code  Gb  stm32f1xx_hal_timebase_tim.o [1]
HAL_MspInit              0x800'1d85    0x36  Code  Gb  stm32f1xx_hal_msp.o [1]
HAL_NVIC_DisableIRQ      0x800'3235     0x2  Code  Gb  stm32f1xx_hal_cortex.o [1]
HAL_NVIC_EnableIRQ       0x800'3233     0x2  Code  Gb  stm32f1xx_hal_cortex.o [1]
HAL_NVIC_SetPriority     0x800'3215    0x1e  Code  Gb  stm32f1xx_hal_cortex.o [1]
HAL_NVIC_SetPriorityGrouping
                         0x800'3213     0x2  Code  Gb  stm32f1xx_hal_cortex.o [1]
HAL_RCCEx_PeriphCLKConfig
                         0x800'3f29   0x184  Code  Gb  stm32f1xx_hal_rcc_ex.o [1]
HAL_RCC_ClockConfig      0x800'2445   0x128  Code  Gb  stm32f1xx_hal_rcc.o [1]
HAL_RCC_DeInit           0x800'1f41   0x110  Code  Gb  stm32f1xx_hal_rcc.o [1]
HAL_RCC_GetClockConfig   0x800'2661    0x34  Code  Gb  stm32f1xx_hal_rcc.o [1]
HAL_RCC_GetHCLKFreq      0x800'2639     0x6  Code  Gb  stm32f1xx_hal_rcc.o [1]
HAL_RCC_GetPCLK2Freq     0x800'2641    0x20  Code  Gb  stm32f1xx_hal_rcc.o [1]
HAL_RCC_GetSysClockFreq
                         0x800'25b9    0x80  Code  Gb  stm32f1xx_hal_rcc.o [1]
HAL_RCC_GetSysClockFreq::aPLLMULFactorTable
                         0x800'26e8    0x10  Data  Lc  stm32f1xx_hal_rcc.o [1]
HAL_RCC_GetSysClockFreq::aPredivFactorTable
                         0x800'26f8    0x10  Data  Lc  stm32f1xx_hal_rcc.o [1]
HAL_RCC_MCOConfig        0x800'256d    0x4c  Code  Gb  stm32f1xx_hal_rcc.o [1]
HAL_RCC_OscConfig        0x800'2051   0x3f2  Code  Gb  stm32f1xx_hal_rcc.o [1]
HAL_TIMEx_BreakCallback
                         0x800'40d5     0x2  Code  Wk  stm32f1xx_hal_tim_ex.o [1]
HAL_TIMEx_CommutCallback
                         0x800'40d9     0x2  Code  Wk  stm32f1xx_hal_tim_ex.o [1]
HAL_TIM_Base_Init        0x800'3c71    0x44  Code  Gb  stm32f1xx_hal_tim.o [1]
HAL_TIM_Base_Start_IT    0x800'3cb5    0x64  Code  Gb  stm32f1xx_hal_tim.o [1]
HAL_TIM_IRQHandler       0x800'3d29   0x152  Code  Gb  stm32f1xx_hal_tim.o [1]
HAL_TIM_PeriodElapsedCallback
                         0x800'3b39    0x6a  Code  Gb  main.o [1]
HardFault_Handler        0x800'42f9     0x6  Code  Gb  stm32f1xx_it.o [1]
IP_CONFIG                0x800'5004     0x4  Data  Gb  flash_if.o [1]
IP_GET                   0x800'500c     0x4  Data  Gb  flash_if.o [1]
IP_MASK                  0x800'5008     0x4  Data  Gb  flash_if.o [1]
LOG                      0x800'5802   0x7d0  Data  Gb  flash_if.o [1]
MX_DMA_Init              0x800'39d5    0x46  Code  Lc  main.o [1]
MX_ETH_Init              0x800'396f    0x66  Code  Lc  main.o [1]
MX_GPIO_Init             0x800'3a1b    0xbe  Code  Lc  main.o [1]
MemManage_Handler        0x800'42ff     0x2  Code  Gb  stm32f1xx_it.o [1]
NMI_Handler              0x800'42f7     0x2  Code  Gb  stm32f1xx_it.o [1]
NVIC_EncodePriority      0x800'31dd    0x36  Code  Lc  stm32f1xx_hal_cortex.o [1]
PendSV_Handler           0x800'4311     0x2  Code  Gb  stm32f1xx_it.o [1]
RCC_Delay                0x800'2695    0x24  Code  Lc  stm32f1xx_hal_rcc.o [1]
Region$$Table$$Base      0x800'43cc           --   Gb  - Linker created -
Region$$Table$$Limit     0x800'43ec           --   Gb  - Linker created -
Rx_Buff                 0x2000'027c  0x2fa0  Data  Gb  ethernet.o [1]
SVC_Handler              0x800'430d     0x2  Code  Gb  stm32f1xx_it.o [1]
Save_CRC_APP             0x800'2d9f    0x32  Code  Gb  flash_if.o [1]
SysTick_Handler          0x800'4313     0x2  Code  Gb  stm32f1xx_it.o [1]
SystemClock_Config       0x800'38b9    0xb6  Code  Gb  main.o [1]
SystemCoreClock         0x2000'0018     0x4  Data  Gb  system_stm32f1xx.o [1]
SystemInit               0x800'4435     0x2  Code  Gb  system_stm32f1xx.o [1]
TFTP_conn                0x800'0d91    0x1e  Code  Gb  ethernet.o [1]
TIM1_UP_IRQHandler       0x800'4315     0x6  Code  Gb  stm32f1xx_it.o [1]
TIM_Base_SetConfig       0x800'3e7b    0x72  Code  Gb  stm32f1xx_hal_tim.o [1]
TransmitPacket           0x800'0f97    0x60  Code  Gb  ethernet.o [1]
Tx_Buff                 0x2000'321c  0x2fa0  Data  Gb  ethernet.o [1]
UsageFault_Handler       0x800'4307     0x6  Code  Gb  stm32f1xx_it.o [1]
__NVIC_EnableIRQ         0x800'31ad    0x16  Code  Lc  stm32f1xx_hal_cortex.o [1]
__NVIC_GetPriorityGrouping
                         0x800'31a3     0xa  Code  Lc  stm32f1xx_hal_cortex.o [1]
__NVIC_SetPriority       0x800'31c3    0x1a  Code  Lc  stm32f1xx_hal_cortex.o [1]
__NVIC_SetPriorityGrouping
                         0x800'3189    0x1a  Code  Lc  stm32f1xx_hal_cortex.o [1]
__NVIC_SystemReset       0x800'42dd    0x1a  Code  Lc  stm32f1xx_it.o [1]
__aeabi_ldiv0            0x800'3f05          Code  Gb  I64DivZer.o [3]
__aeabi_llsr             0x800'3f09          Code  Gb  U64Shr.o [3]
__aeabi_memcpy           0x800'1c75          Code  Gb  ABImemcpy.o [3]
__aeabi_memcpy4          0x800'1c95          Code  Gb  ABImemcpy.o [3]
__aeabi_memcpy8          0x800'1c95          Code  Gb  ABImemcpy.o [3]
__aeabi_memset           0x800'1d1d          Code  Gb  ABImemset.o [3]
__aeabi_memset4          0x800'0d1d          Code  Gb  ABImemset48.o [3]
__aeabi_memset8          0x800'0d1d          Code  Gb  ABImemset48.o [3]
__aeabi_uldivmod         0x800'32c9          Code  Gb  I64DivMod.o [3]
__cmain                  0x800'43ed          Code  Gb  cmain.o [3]
__exit                   0x800'4421    0x14  Code  Gb  exit.o [4]
__iar_Memset             0x800'1d1d          Code  Gb  ABImemset.o [3]
__iar_Memset4_word       0x800'0d25          Code  Gb  ABImemset48.o [3]
__iar_Memset8_word       0x800'0d25          Code  Gb  ABImemset48.o [3]
__iar_Memset_word        0x800'1d25          Code  Gb  ABImemset.o [3]
__iar_close_ttio         0x800'4371    0x2c  Code  Wk  iarttio.o [4]
__iar_data_init3         0x800'43a5    0x28  Code  Gb  data_init.o [3]
__iar_lookup_ttioh       0x800'439d     0x8  Code  Gb  XShttio.o [2]
__iar_packbits_init_single3
                         0x800'4339    0x38  Code  Gb  packbits_init_single.o [3]
__iar_program_start      0x800'4459          Code  Gb  cstartup_M.o [3]
__iar_ttio_handles      0x2000'0124     0x8  Data  Lc  XShttio.o [2]
__iar_zero_init3         0x800'0d57    0x3a  Code  Gb  zero_init3.o [3]
__low_level_init         0x800'440b     0x4  Code  Gb  low_level_init.o [2]
__vector_table           0x800'0000          Data  Gb  startup_stm32f107xc.o [1]
_call_main               0x800'43f9          Code  Gb  cmain.o [3]
_exit                    0x800'4415          Code  Gb  cexit.o [3]
_main                    0x800'4407          Code  Gb  cmain.o [3]
arp_table               0x2000'aa3c    0x60  Data  Lc  uip_arp.o [1]
arptime                 0x2000'ab92     0x1  Data  Lc  uip_arp.o [1]
broadcast_ethaddr        0x800'13d4     0x8  Data  Lc  uip_arp.o [1]
c                       0x2000'ab31     0x1  Data  Lc  uip.o [1]
c                       0x2000'ab91     0x1  Data  Lc  uip_arp.o [1]
chksum                   0x800'01b1    0x3e  Code  Lc  uip.o [1]
crc16_ccitt              0x800'3c3d    0x34  Code  Gb  crc16.o [1]
crc16tab                 0x800'40dc   0x200  Data  Lc  crc16.o [1]
data_file               0x2000'9c44   0x818  Data  Gb  flash_if.o [1]
exit                     0x800'440f     0x4  Code  Gb  exit.o [2]
fPassed10s              0x2000'aba5     0x1  Data  Gb  stm32f1xx_it.o [1]
fPassed500ms            0x2000'aba4     0x1  Data  Gb  stm32f1xx_it.o [1]
flag_app_start          0x2000'ab80     0x1  Data  Gb  flash_if.o [1]
flag_tftp               0x2000'aba6     0x1  Data  Gb  uip_arp.o [1]
frame_in_to_flash        0x800'287d   0x15a  Code  Gb  flash_if.o [1]
hdma_ETHtomem_dma1_channel1
                        0x2000'aae4    0x44  Data  Gb  ethernet.o [1]
hetho                   0x2000'0130    0x48  Data  Gb  ethernet.o [1]
htim1                   0x2000'aa9c    0x48  Data  Gb  stm32f1xx_hal_timebase_tim.o [1]
i                       0x2000'ab90     0x1  Data  Lc  uip_arp.o [1]
idBase0                 0x2000'0000     0x4  Data  Gb  flash_if.o [1]
idBase1                 0x2000'0004     0x4  Data  Gb  flash_if.o [1]
idBase2                 0x2000'0008     0x4  Data  Gb  flash_if.o [1]
ipaddr                  0x2000'ab94     0x4  Data  Lc  uip_arp.o [1]
ipid                    0x2000'ab3c     0x2  Data  Lc  uip.o [1]
iss                     0x2000'ab28     0x4  Data  Lc  uip.o [1]
jamp_to_app              0x800'27dd    0xa0  Code  Gb  flash_if.o [1]
lastport                0x2000'ab3e     0x2  Data  Lc  uip.o [1]
load_struct_flash_data   0x800'2a41   0x35e  Code  Gb  flash_if.o [1]
low_level_input          0x800'0ff7    0x5a  Code  Lc  ethernet.o [1]
main                     0x800'3885    0x34  Code  Gb  main.o [1]
memset                   0x800'2eb5    0x14  Code  Gb  memset.o [3]
newdata                  0x800'0ea3     0x2  Code  Gb  ethernet.o [1]
opcode_out              0x2000'012c     0x1  Data  Gb  uip_arp.o [1]
opt                     0x2000'ab32     0x1  Data  Lc  uip.o [1]
pFlash                  0x2000'ab60    0x20  Data  Gb  stm32f1xx_hal_flash.o [1]
save_data_blok           0x800'29d7    0x68  Code  Gb  flash_if.o [1]
size_block              0x2000'0020     0x2  Data  Gb  tftp.o [1]
srem_addr               0x2000'001e     0x2  Data  Gb  tftp.o [1]
srport                  0x2000'0022     0x2  Data  Gb  tftp.o [1]
tftp_nblock             0x2000'001c     0x2  Data  Gb  tftp.o [1]
timer_to_app            0x2000'ab84     0x4  Data  Gb  flash_if.o [1]
timer_uip               0x2000'ab98     0x4  Data  Gb  stm32f1xx_it.o [1]
tmp16                   0x2000'ab40     0x2  Data  Lc  uip.o [1]
tmpage                  0x2000'ab93     0x1  Data  Lc  uip_arp.o [1]
uIP_PeriodicFunc         0x800'0ee1    0xb6  Code  Gb  ethernet.o [1]
udp_conn                0x2000'0178     0x4  Data  Gb  ethernet.o [1]
udp_newdata              0x800'1b91    0x7c  Code  Gb  tftp.o [1]
uip_acc32               0x2000'ab2c     0x4  Data  Gb  uip.o [1]
uip_add32                0x800'0151    0x60  Code  Gb  uip.o [1]
uip_add_rcv_nxt          0x800'0363    0x2a  Code  Lc  uip.o [1]
uip_appcall              0x800'0e6f    0x34  Code  Gb  ethernet.o [1]
uip_appdata             0x2000'ab50     0x4  Data  Gb  uip.o [1]
uip_arp_arpin            0x800'11dd    0xba  Code  Gb  uip_arp.o [1]
uip_arp_init             0x800'109d    0x2a  Code  Gb  uip_arp.o [1]
uip_arp_out              0x800'1299   0x118  Code  Gb  uip_arp.o [1]
uip_arp_timer            0x800'10c7    0x46  Code  Gb  uip_arp.o [1]
uip_arp_update           0x800'110d    0xd0  Code  Lc  uip_arp.o [1]
uip_buf                 0x2000'a45c   0x5e0  Data  Gb  uip.o [1]
uip_conn                0x2000'ab58     0x4  Data  Gb  uip.o [1]
uip_conns               0x2000'61bc  0x1e8c  Data  Gb  uip.o [1]
uip_draddr              0x2000'ab9c     0x4  Data  Gb  uip.o [1]
uip_ethaddr             0x2000'ab88     0x8  Data  Gb  uip.o [1]
uip_flags               0x2000'ab30     0x1  Data  Gb  uip.o [1]
uip_hostaddr            0x2000'ab34     0x4  Data  Gb  uip.o [1]
uip_init                 0x800'0255    0x68  Code  Gb  uip.o [1]
uip_ipchksum             0x800'01ef    0x22  Code  Gb  uip.o [1]
uip_len                 0x2000'ab38     0x2  Data  Gb  uip.o [1]
uip_listenports         0x2000'ab44     0xc  Data  Gb  uip.o [1]
uip_netmask             0x2000'aba0     0x4  Data  Gb  uip.o [1]
uip_process              0x800'0395   0x970  Code  Gb  uip.o [1]
uip_sappdata            0x2000'ab54     0x4  Data  Gb  uip.o [1]
uip_slen                0x2000'ab3a     0x2  Data  Gb  uip.o [1]
uip_tcpchksum            0x800'0251     0x4  Code  Gb  uip.o [1]
uip_udp_appcall          0x800'0ea5    0x3c  Code  Gb  ethernet.o [1]
uip_udp_conn            0x2000'ab5c     0x4  Data  Gb  uip.o [1]
uip_udp_conns           0x2000'902c   0xc18  Data  Gb  uip.o [1]
uip_udp_new              0x800'02bd    0xa6  Code  Gb  uip.o [1]
upper_layer_chksum       0x800'0211    0x40  Code  Lc  uip.o [1]
uwTick                  0x2000'0010     0x4  Data  Gb  stm32f1xx_hal.o [1]
uwTickFreq              0x2000'000c     0x1  Data  Gb  stm32f1xx_hal.o [1]
uwTickPrio              0x2000'0014     0x4  Data  Gb  stm32f1xx_hal.o [1]


[1] = D:\ika\development\NETPING_PROJECT\59\boot_tftp\boot2\EWARM\boot2\Obj
[2] = dl7M_tlf.a
[3] = rt7M_tl.a
[4] = shb_l.a

  17'194 bytes of readonly  code memory
     591 bytes of readonly  data memory (+ 2'028 absolute)
  52'132 bytes of readwrite data memory

Errors: none
Warnings: none
