###############################################################################
#
# IAR ELF Linker V8.42.1.236/W32 for ARM                  23/Feb/2021  20:07:10
# Copyright 2007-2019 IAR Systems AB.
#
#    Output file  =
#        E:\ika\development\F107\boot1\boot_tftp\boot2\EWARM\boot2\Exe\boot2.out
#    Map file     =
#        E:\ika\development\F107\boot1\boot_tftp\boot2\EWARM\boot2\List\boot2.map
#    Command line =
#        -f C:\Users\ivanov\AppData\Local\Temp\EW1831.tmp
#        (E:\ika\development\F107\boot1\boot_tftp\boot2\EWARM\boot2\Obj\clock-arch.o
#        E:\ika\development\F107\boot1\boot_tftp\boot2\EWARM\boot2\Obj\crc16.o
#        E:\ika\development\F107\boot1\boot_tftp\boot2\EWARM\boot2\Obj\ethernet.o
#        E:\ika\development\F107\boot1\boot_tftp\boot2\EWARM\boot2\Obj\flash_if.o
#        E:\ika\development\F107\boot1\boot_tftp\boot2\EWARM\boot2\Obj\main.o
#        E:\ika\development\F107\boot1\boot_tftp\boot2\EWARM\boot2\Obj\psock.o
#        E:\ika\development\F107\boot1\boot_tftp\boot2\EWARM\boot2\Obj\startup_stm32f107xc.o
#        E:\ika\development\F107\boot1\boot_tftp\boot2\EWARM\boot2\Obj\stm32f1xx_hal.o
#        E:\ika\development\F107\boot1\boot_tftp\boot2\EWARM\boot2\Obj\stm32f1xx_hal_cortex.o
#        E:\ika\development\F107\boot1\boot_tftp\boot2\EWARM\boot2\Obj\stm32f1xx_hal_dma.o
#        E:\ika\development\F107\boot1\boot_tftp\boot2\EWARM\boot2\Obj\stm32f1xx_hal_eth.o
#        E:\ika\development\F107\boot1\boot_tftp\boot2\EWARM\boot2\Obj\stm32f1xx_hal_exti.o
#        E:\ika\development\F107\boot1\boot_tftp\boot2\EWARM\boot2\Obj\stm32f1xx_hal_flash.o
#        E:\ika\development\F107\boot1\boot_tftp\boot2\EWARM\boot2\Obj\stm32f1xx_hal_flash_ex.o
#        E:\ika\development\F107\boot1\boot_tftp\boot2\EWARM\boot2\Obj\stm32f1xx_hal_gpio.o
#        E:\ika\development\F107\boot1\boot_tftp\boot2\EWARM\boot2\Obj\stm32f1xx_hal_gpio_ex.o
#        E:\ika\development\F107\boot1\boot_tftp\boot2\EWARM\boot2\Obj\stm32f1xx_hal_msp.o
#        E:\ika\development\F107\boot1\boot_tftp\boot2\EWARM\boot2\Obj\stm32f1xx_hal_pwr.o
#        E:\ika\development\F107\boot1\boot_tftp\boot2\EWARM\boot2\Obj\stm32f1xx_hal_rcc.o
#        E:\ika\development\F107\boot1\boot_tftp\boot2\EWARM\boot2\Obj\stm32f1xx_hal_rcc_ex.o
#        E:\ika\development\F107\boot1\boot_tftp\boot2\EWARM\boot2\Obj\stm32f1xx_hal_rtc.o
#        E:\ika\development\F107\boot1\boot_tftp\boot2\EWARM\boot2\Obj\stm32f1xx_hal_rtc_ex.o
#        E:\ika\development\F107\boot1\boot_tftp\boot2\EWARM\boot2\Obj\stm32f1xx_hal_tim.o
#        E:\ika\development\F107\boot1\boot_tftp\boot2\EWARM\boot2\Obj\stm32f1xx_hal_tim_ex.o
#        E:\ika\development\F107\boot1\boot_tftp\boot2\EWARM\boot2\Obj\stm32f1xx_hal_timebase_tim.o
#        E:\ika\development\F107\boot1\boot_tftp\boot2\EWARM\boot2\Obj\stm32f1xx_hal_wwdg.o
#        E:\ika\development\F107\boot1\boot_tftp\boot2\EWARM\boot2\Obj\stm32f1xx_it.o
#        E:\ika\development\F107\boot1\boot_tftp\boot2\EWARM\boot2\Obj\system_stm32f1xx.o
#        E:\ika\development\F107\boot1\boot_tftp\boot2\EWARM\boot2\Obj\tftp.o
#        E:\ika\development\F107\boot1\boot_tftp\boot2\EWARM\boot2\Obj\timer.o
#        E:\ika\development\F107\boot1\boot_tftp\boot2\EWARM\boot2\Obj\uip-fw.o
#        E:\ika\development\F107\boot1\boot_tftp\boot2\EWARM\boot2\Obj\uip-neighbor.o
#        E:\ika\development\F107\boot1\boot_tftp\boot2\EWARM\boot2\Obj\uip-split.o
#        E:\ika\development\F107\boot1\boot_tftp\boot2\EWARM\boot2\Obj\uip.o
#        E:\ika\development\F107\boot1\boot_tftp\boot2\EWARM\boot2\Obj\uip_arp.o
#        E:\ika\development\F107\boot1\boot_tftp\boot2\EWARM\boot2\Obj\uiplib.o
#        --no_out_extension -o
#        E:\ika\development\F107\boot1\boot_tftp\boot2\EWARM\boot2\Exe\boot2.out
#        --redirect _Printf=_PrintfTiny --redirect _Scanf=_ScanfSmallNoMb --map
#        E:\ika\development\F107\boot1\boot_tftp\boot2\EWARM\boot2\List\boot2.map
#        --log modules,sections,call_graph --log_file
#        E:\ika\development\F107\boot1\boot_tftp\boot2\EWARM\boot2\List\boot2.log
#        --config
#        E:\ika\development\F107\boot1\boot_tftp\boot2\EWARM\stm32f107xc_flash.icf
#        --semihosting --entry __iar_program_start --no_vfe --text_out locale
#        --no_free_heap)
#
###############################################################################

*******************************************************************************
*** RUNTIME MODEL ATTRIBUTES
***

CppFlavor       = *
__Heap_Handler  = NoFree
__SystemLibrary = DLib
__dlib_version  = 6


*******************************************************************************
*** HEAP SELECTION
***

The no free heap was selected because of --no_free_heap.


*******************************************************************************
*** PLACEMENT SUMMARY
***

"A0":  place at address 0x800'0000 { ro section .intvec };
"P1":  place in [from 0x800'0000 to 0x800'4000] { ro };
define block CSTACK with size = 8K, alignment = 8 { };
define block HEAP with size = 16K, alignment = 8 { };
"P2":  place in [from 0x2000'0000 to 0x2000'ffff] {
          rw, block CSTACK, block HEAP };
initialize by copy { rw };

  Section            Kind         Address    Size  Object
  -------            ----         -------    ----  ------
"A0":                                       0x150
  .intvec            ro code   0x800'0000   0x150  startup_stm32f107xc.o [1]
                             - 0x800'0150   0x150

"P1", part 1 of 2:                         0x3e81
  .text              ro code   0x800'0150   0xa74  uip.o [1]
  .text              ro code   0x800'0bc4     0x6  ABImemclr4.o [3]
  .text              ro code   0x800'0bca    0x3a  zero_init3.o [3]
  .text              ro code   0x800'0c04   0x2c8  ethernet.o [1]
  .text              ro code   0x800'0ecc    0x3a  ABImemset48.o [3]
  .text              ro code   0x800'0f08   0x314  uip_arp.o [1]
  .text              ro code   0x800'121c   0x740  stm32f1xx_hal_eth.o [1]
  .text              ro code   0x800'195c    0xd8  tftp.o [1]
  .text              ro code   0x800'1a34    0xa6  ABImemcpy.o [3]
  .text              ro code   0x800'1adc     0x6  ABImemclr.o [3]
  .text              ro code   0x800'1ae4    0x66  ABImemset.o [3]
  .text              ro code   0x800'1b4c   0x1b0  stm32f1xx_hal_msp.o [1]
  .text              ro code   0x800'1cfc     0xc  stm32f1xx_hal.o [1]
  .text              ro code   0x800'1d08   0x760  stm32f1xx_hal_rcc.o [1]
  .text              ro code   0x800'2468    0x28  stm32f1xx_hal.o [1]
  .text              ro code   0x800'2490     0x2  stm32f1xx_hal_eth.o [1]
  .text              ro code   0x800'2492     0x2  stm32f1xx_hal_eth.o [1]
  .text              ro code   0x800'2494     0x2  stm32f1xx_hal_eth.o [1]
  .text              ro code   0x800'2498   0x698  flash_if.o [1]
  .text              ro code   0x800'2b30    0x14  memset.o [3]
  .text              ro code   0x800'2b44   0x298  stm32f1xx_hal_gpio.o [1]
  .text              ro code   0x800'2ddc    0x9c  stm32f1xx_hal_cortex.o [1]
  .text              ro code   0x800'2e78    0x78  stm32f1xx_hal_timebase_tim.o [1]
  .text              ro code   0x800'2ef0   0x106  I64DivMod_small.o [3]
  .text              ro code   0x800'2ff8   0x168  stm32f1xx_hal_flash.o [1]
  .text              ro code   0x800'3160    0xd4  stm32f1xx_hal_flash_ex.o [1]
  .text              ro code   0x800'3234   0x11c  stm32f1xx_hal_dma.o [1]
  .text              ro code   0x800'3350   0x328  main.o [1]
  .text              ro code   0x800'3678    0x48  stm32f1xx_hal.o [1]
  .text              ro code   0x800'36c0    0x30  crc16.o [1]
  .text              ro code   0x800'36f0   0x282  stm32f1xx_hal_tim.o [1]
  .text              ro code   0x800'3974     0x2  I64DivZer.o [3]
  .text              ro code   0x800'3978    0x1e  U64Shr.o [3]
  .text              ro code   0x800'3998   0x180  stm32f1xx_hal_rcc_ex.o [1]
  .text              ro code   0x800'3b18    0x10  stm32f1xx_hal.o [1]
  .text              ro code   0x800'3b28     0x2  stm32f1xx_hal.o [1]
  .text              ro code   0x800'3b2a     0x2  stm32f1xx_hal_tim.o [1]
  .text              ro code   0x800'3b2c     0x2  stm32f1xx_hal_tim.o [1]
  .text              ro code   0x800'3b2e     0x2  stm32f1xx_hal_tim_ex.o [1]
  .text              ro code   0x800'3b30     0x2  stm32f1xx_hal_tim.o [1]
  .text              ro code   0x800'3b32     0x2  stm32f1xx_hal_tim_ex.o [1]
  .text              ro code   0x800'3b34     0x2  stm32f1xx_hal_tim.o [1]
  .rodata            const     0x800'3b38   0x200  crc16.o [1]
  .text              ro code   0x800'3d38    0x58  stm32f1xx_it.o [1]
  .text              ro code   0x800'3d90    0x38  packbits_init_single.o [3]
  .text              ro code   0x800'3dc8    0x2c  iarttio.o [4]
  .text              ro code   0x800'3df4     0x8  XShttio.o [2]
  .text              ro code   0x800'3dfc    0x28  data_init.o [3]
  .iar.init_table    const     0x800'3e24    0x20  - Linker created -
  .text              ro code   0x800'3e44    0x1e  cmain.o [3]
  .text              ro code   0x800'3e62     0x4  low_level_init.o [2]
  .text              ro code   0x800'3e66     0x4  exit.o [2]
  .text              ro code   0x800'3e6c     0xa  cexit.o [3]
  .text              ro code   0x800'3e78    0x14  exit.o [4]
  .text              ro code   0x800'3e8c    0x14  system_stm32f1xx.o [1]
  .text              ro code   0x800'3ea0    0x10  startup_stm32f107xc.o [1]
  .text              ro code   0x800'3eb0     0xc  cstartup_M.o [3]
  .rodata            const     0x800'3ebc     0x8  system_stm32f1xx.o [1]
  .text              ro code   0x800'3ec4     0x4  startup_stm32f107xc.o [1]
  .text              ro code   0x800'3ec8     0x4  startup_stm32f107xc.o [1]
  .text              ro code   0x800'3ecc     0x4  startup_stm32f107xc.o [1]
  .text              ro code   0x800'3ed0     0x4  startup_stm32f107xc.o [1]
  .text              ro code   0x800'3ed4     0x4  startup_stm32f107xc.o [1]
  .text              ro code   0x800'3ed8     0x4  startup_stm32f107xc.o [1]
  .text              ro code   0x800'3edc     0x4  startup_stm32f107xc.o [1]
  .text              ro code   0x800'3ee0     0x4  startup_stm32f107xc.o [1]
  .text              ro code   0x800'3ee4     0x4  startup_stm32f107xc.o [1]
  .text              ro code   0x800'3ee8     0x4  startup_stm32f107xc.o [1]
  .text              ro code   0x800'3eec     0x4  startup_stm32f107xc.o [1]
  .text              ro code   0x800'3ef0     0x4  startup_stm32f107xc.o [1]
  .text              ro code   0x800'3ef4     0x4  startup_stm32f107xc.o [1]
  .text              ro code   0x800'3ef8     0x4  startup_stm32f107xc.o [1]
  .text              ro code   0x800'3efc     0x4  startup_stm32f107xc.o [1]
  .text              ro code   0x800'3f00     0x4  startup_stm32f107xc.o [1]
  .text              ro code   0x800'3f04     0x4  startup_stm32f107xc.o [1]
  .text              ro code   0x800'3f08     0x4  startup_stm32f107xc.o [1]
  .text              ro code   0x800'3f0c     0x4  startup_stm32f107xc.o [1]
  .text              ro code   0x800'3f10     0x4  startup_stm32f107xc.o [1]
  .text              ro code   0x800'3f14     0x4  startup_stm32f107xc.o [1]
  .text              ro code   0x800'3f18     0x4  startup_stm32f107xc.o [1]
  .text              ro code   0x800'3f1c     0x4  startup_stm32f107xc.o [1]
  .text              ro code   0x800'3f20     0x4  startup_stm32f107xc.o [1]
  .text              ro code   0x800'3f24     0x4  startup_stm32f107xc.o [1]
  .text              ro code   0x800'3f28     0x4  startup_stm32f107xc.o [1]
  .text              ro code   0x800'3f2c     0x4  startup_stm32f107xc.o [1]
  .text              ro code   0x800'3f30     0x4  startup_stm32f107xc.o [1]
  .text              ro code   0x800'3f34     0x4  startup_stm32f107xc.o [1]
  .text              ro code   0x800'3f38     0x4  startup_stm32f107xc.o [1]
  .text              ro code   0x800'3f3c     0x4  startup_stm32f107xc.o [1]
  .text              ro code   0x800'3f40     0x4  startup_stm32f107xc.o [1]
  .text              ro code   0x800'3f44     0x4  startup_stm32f107xc.o [1]
  .text              ro code   0x800'3f48     0x4  startup_stm32f107xc.o [1]
  .text              ro code   0x800'3f4c     0x4  startup_stm32f107xc.o [1]
  .text              ro code   0x800'3f50     0x4  startup_stm32f107xc.o [1]
  .text              ro code   0x800'3f54     0x4  startup_stm32f107xc.o [1]
  .text              ro code   0x800'3f58     0x4  startup_stm32f107xc.o [1]
  .text              ro code   0x800'3f5c     0x4  startup_stm32f107xc.o [1]
  .text              ro code   0x800'3f60     0x4  startup_stm32f107xc.o [1]
  .text              ro code   0x800'3f64     0x4  startup_stm32f107xc.o [1]
  .text              ro code   0x800'3f68     0x4  startup_stm32f107xc.o [1]
  .text              ro code   0x800'3f6c     0x4  startup_stm32f107xc.o [1]
  .text              ro code   0x800'3f70     0x4  startup_stm32f107xc.o [1]
  .text              ro code   0x800'3f74     0x4  startup_stm32f107xc.o [1]
  .text              ro code   0x800'3f78     0x4  startup_stm32f107xc.o [1]
  .text              ro code   0x800'3f7c     0x4  startup_stm32f107xc.o [1]
  .text              ro code   0x800'3f80     0x4  startup_stm32f107xc.o [1]
  .text              ro code   0x800'3f84     0x4  startup_stm32f107xc.o [1]
  .text              ro code   0x800'3f88     0x4  startup_stm32f107xc.o [1]
  .text              ro code   0x800'3f8c     0x4  startup_stm32f107xc.o [1]
  .text              ro code   0x800'3f90     0x4  startup_stm32f107xc.o [1]
  .text              ro code   0x800'3f94     0x4  startup_stm32f107xc.o [1]
  .text              ro code   0x800'3f98     0x4  startup_stm32f107xc.o [1]
  .text              ro code   0x800'3f9c     0x4  startup_stm32f107xc.o [1]
  .text              ro code   0x800'3fa0     0x4  startup_stm32f107xc.o [1]
  .text              ro code   0x800'3fa4     0x4  startup_stm32f107xc.o [1]
  .text              ro code   0x800'3fa8     0x4  startup_stm32f107xc.o [1]
  Initializer bytes  const     0x800'3fac    0x25  <for P2-1>
                             - 0x800'3fd1  0x3e81

"P1", part 2 of 2:                            0x0
  .rodata            const     0x800'3fff     0x0  zero_init3.o [3]
  .rodata            const     0x800'3fff     0x0  packbits_init_single.o [3]

Absolute sections, part 1 of 2:              0x1c
  .rodata            const     0x800'4000     0x2  flash_if.o [1]
  .rodata            const     0x800'4002     0x2  flash_if.o [1]
  .rodata            const     0x800'4004     0x4  flash_if.o [1]
  .rodata            const     0x800'4008     0x4  flash_if.o [1]
  .rodata            const     0x800'400c     0x4  flash_if.o [1]
  .rodata            const     0x800'4010     0x4  flash_if.o [1]
  .rodata            const     0x800'4014     0x4  flash_if.o [1]
  .rodata            const     0x800'4018     0x4  flash_if.o [1]
                             - 0x800'401c    0x1c

Absolute sections, part 2 of 2:             0x7d0
  .rodata            const     0x800'4802   0x7d0  flash_if.o [1]
                             - 0x800'4fd2   0x7d0

"P2", part 1 of 3:                          0x12d
  P2-1                        0x2000'0000   0x12d  <Init block>
    .data            inited   0x2000'0000     0xc  flash_if.o [1]
    .data            inited   0x2000'000c     0xc  stm32f1xx_hal.o [1]
    .data            inited   0x2000'0018     0x4  system_stm32f1xx.o [1]
    .data            inited   0x2000'001c   0x108  tftp.o [1]
    .data            inited   0x2000'0124     0x8  XShttio.o [2]
    .data            inited   0x2000'012c     0x1  uip_arp.o [1]
                            - 0x2000'012d   0x12d

"P2", part 2 of 3:                         0xaa64
  .bss               zero     0x2000'0130  0x608c  ethernet.o [1]
  .bss               zero     0x2000'61bc  0x1e8c  uip.o [1]
  .bss               zero     0x2000'8048  0x11f8  uip.o [1]
  .bss               zero     0x2000'9240   0xfd4  flash_if.o [1]
  .bss               zero     0x2000'a214   0x818  flash_if.o [1]
  .bss               zero     0x2000'aa2c    0x60  uip_arp.o [1]
  .bss               zero     0x2000'aa8c    0x48  stm32f1xx_hal_timebase_tim.o [1]
  .bss               zero     0x2000'aad4    0x44  ethernet.o [1]
  .bss               zero     0x2000'ab18    0x34  uip.o [1]
  .bss               zero     0x2000'ab4c     0x4  stm32f1xx_it.o [1]
  .bss               zero     0x2000'ab50    0x20  stm32f1xx_hal_flash.o [1]
  .bss               zero     0x2000'ab70     0x8  flash_if.o [1]
  .bss               zero     0x2000'ab78     0x8  uip.o [1]
  .bss               zero     0x2000'ab80     0x8  uip_arp.o [1]
  .bss               zero     0x2000'ab88     0x4  uip.o [1]
  .bss               zero     0x2000'ab8c     0x4  uip.o [1]
  .bss               zero     0x2000'ab90     0x1  stm32f1xx_it.o [1]
  .bss               zero     0x2000'ab91     0x1  stm32f1xx_it.o [1]
  .bss               zero     0x2000'ab92     0x1  uip_arp.o [1]
                            - 0x2000'ab93  0xaa63

"P2", part 3 of 3:                         0x2000
  CSTACK                      0x2000'ab98  0x2000  <Block>
    CSTACK           uninit   0x2000'ab98  0x2000  <Block tail>
                            - 0x2000'cb98  0x2000

Unused ranges:

         From           To    Size
         ----           --    ----
   0x800'3fd1   0x800'3ffe    0x2e
   0x800'3fff   0x800'3fff     0x1
  0x2000'012d  0x2000'012f     0x3
  0x2000'ab94  0x2000'ab97     0x4
  0x2000'cb98  0x2000'ffff  0x3468


*******************************************************************************
*** INIT TABLE
***

          Address      Size
          -------      ----
Zero (__iar_zero_init3)
    1 destination range, total size 0xaa63:
          0x2000'0130  0xaa63

Copy/packbits (__iar_packbits_init_single3)
    1 source range, total size 0x25 (12% of destination):
           0x800'3fac    0x25
    1 destination range, total size 0x12d:
          0x2000'0000   0x12d



*******************************************************************************
*** MODULE SUMMARY
***

    Module                        ro code  ro data  rw data  ro data
                                                              (abs)
    ------                        -------  -------  -------  -------
command line/config:
    ----------------------------------------------------------------
    Total:

E:\ika\development\F107\boot1\boot_tftp\boot2\EWARM\boot2\Obj: [1]
    crc16.o                            48      512
    ethernet.o                        712            24'784
    flash_if.o                      1'688        1    6'144    2'028
    main.o                            808
    startup_stm32f107xc.o             584
    stm32f1xx_hal.o                   142        1       12
    stm32f1xx_hal_cortex.o            156
    stm32f1xx_hal_dma.o               284
    stm32f1xx_hal_eth.o             1'862
    stm32f1xx_hal_flash.o             360                32
    stm32f1xx_hal_flash_ex.o          212
    stm32f1xx_hal_gpio.o              664
    stm32f1xx_hal_msp.o               432
    stm32f1xx_hal_rcc.o             1'888
    stm32f1xx_hal_rcc_ex.o            384
    stm32f1xx_hal_tim.o               650
    stm32f1xx_hal_tim_ex.o              4
    stm32f1xx_hal_timebase_tim.o      120                72
    stm32f1xx_it.o                     88                 6
    system_stm32f1xx.o                 20        9        4
    tftp.o                            216       32      264
    uip.o                           2'676            12'488
    uip_arp.o                         788        1      106
    ----------------------------------------------------------------
    Total:                         14'786      556   43'912    2'028

dl7M_tlf.a: [2]
    XShttio.o                           8        1        8
    exit.o                              4
    low_level_init.o                    4
    ----------------------------------------------------------------
    Total:                             16        1        8

rt7M_tl.a: [3]
    ABImemclr.o                         6
    ABImemclr4.o                        6
    ABImemcpy.o                       166
    ABImemset.o                       102
    ABImemset48.o                      58
    I64DivMod_small.o                 262
    I64DivZer.o                         2
    U64Shr.o                           30
    cexit.o                            10
    cmain.o                            30
    cstartup_M.o                       12
    data_init.o                        40
    memset.o                           20
    packbits_init_single.o             56
    zero_init3.o                       58
    ----------------------------------------------------------------
    Total:                            858

shb_l.a: [4]
    exit.o                             20
    iarttio.o                          44
    ----------------------------------------------------------------
    Total:                             64

    Gaps                               22        2
    Linker created                              32    8'192
--------------------------------------------------------------------
    Grand Total:                   15'746      591   52'112    2'028


*******************************************************************************
*** ENTRY LIST
***

Entry                       Address    Size  Type      Object
-----                       -------    ----  ----      ------
.iar.init_table$$Base    0x800'3e24           --   Gb  - Linker created -
.iar.init_table$$Limit   0x800'3e44           --   Gb  - Linker created -
?main                    0x800'3e45          Code  Gb  cmain.o [3]
AHBPrescTable            0x800'3e90    0x10  Data  Gb  system_stm32f1xx.o [1]
APBPrescTable            0x800'3ebc     0x8  Data  Gb  system_stm32f1xx.o [1]
BOOT_EthernetInit        0x800'0c1f    0x90  Code  Gb  ethernet.o [1]
BOOT_VER                 0x800'4018     0x4  Data  Gb  flash_if.o [1]
BusFault_Handler         0x800'3d5d     0x6  Code  Gb  stm32f1xx_it.o [1]
CRC_APP                  0x800'4000     0x2  Data  Gb  flash_if.o [1]
CRC_BOOT                 0x800'4002     0x2  Data  Gb  flash_if.o [1]
CSTACK$$Base            0x2000'ab98           --   Gb  - Linker created -
CSTACK$$Limit           0x2000'cb98           --   Gb  - Linker created -
Comp_CRC_APP             0x800'2a53    0x2e  Code  Gb  flash_if.o [1]
DMARxDscrTab            0x2000'017c    0x80  Data  Gb  ethernet.o [1]
DMATxDscrTab            0x2000'01fc    0x80  Data  Gb  ethernet.o [1]
DeSystemClock_Config     0x800'356d    0x4e  Code  Gb  main.o [1]
DebugMon_Handler         0x800'3d6b     0x2  Code  Gb  stm32f1xx_it.o [1]
ETH_Configuration        0x800'0caf    0x30  Code  Gb  ethernet.o [1]
ETH_Delay                0x800'1911    0x24  Code  Lc  stm32f1xx_hal_eth.o [1]
ETH_FlushTransmitFIFO    0x800'18ed    0x24  Code  Lc  stm32f1xx_hal_eth.o [1]
ETH_IRQHandler           0x800'3d77     0x2  Code  Gb  stm32f1xx_it.o [1]
ETH_MACDMAConfig         0x800'17fd    0xea  Code  Lc  stm32f1xx_hal_eth.o [1]
ETH_SendUDPResponse      0x800'19d3    0x40  Code  Gb  tftp.o [1]
ETH_TransmitBuffer      0x2000'0024   0x100  Data  Gb  tftp.o [1]
ETH_WKUP_IRQHandler      0x800'3d79     0x2  Code  Gb  stm32f1xx_it.o [1]
Error_Handler            0x800'3675     0x4  Code  Gb  main.o [1]
FLASH_If_Erase           0x800'24af    0x42  Code  Gb  flash_if.o [1]
FLASH_If_Init            0x800'2499    0x16  Code  Gb  flash_if.o [1]
FLASH_If_Write           0x800'24f1    0x4c  Code  Gb  flash_if.o [1]
FLASH_MassErase          0x800'31f5    0x1a  Code  Lc  stm32f1xx_hal_flash_ex.o [1]
FLASH_PageErase          0x800'320f    0x1c  Code  Gb  stm32f1xx_hal_flash_ex.o [1]
FLASH_Program_HalfWord   0x800'309f    0x16  Code  Lc  stm32f1xx_hal_flash.o [1]
FLASH_SetErrorCode       0x800'3105    0x44  Code  Lc  stm32f1xx_hal_flash.o [1]
FLASH_WaitForLastOperation
                         0x800'30b5    0x50  Code  Gb  stm32f1xx_hal_flash.o [1]
FW_LEN                   0x800'4014     0x4  Data  Gb  flash_if.o [1]
FW_VER                   0x800'4010     0x4  Data  Gb  flash_if.o [1]
FW_data                 0x2000'9240   0xfd4  Data  Gb  flash_if.o [1]
HAL_DMA_DeInit           0x800'32b9    0x84  Code  Gb  stm32f1xx_hal_dma.o [1]
HAL_DMA_Init             0x800'3235    0x84  Code  Gb  stm32f1xx_hal_dma.o [1]
HAL_DeInit               0x800'3699    0x1e  Code  Gb  stm32f1xx_hal.o [1]
HAL_Delay                0x800'2469    0x28  Code  Wk  stm32f1xx_hal.o [1]
HAL_ETH_DMARxDescListInit
                         0x800'141f    0x88  Code  Gb  stm32f1xx_hal_eth.o [1]
HAL_ETH_DMATxDescListInit
                         0x800'13a5    0x7a  Code  Gb  stm32f1xx_hal_eth.o [1]
HAL_ETH_DeInit           0x800'138d    0x18  Code  Gb  stm32f1xx_hal_eth.o [1]
HAL_ETH_GetReceivedFrame
                         0x800'1591    0x70  Code  Gb  stm32f1xx_hal_eth.o [1]
HAL_ETH_IRQHandler       0x800'1621    0x64  Code  Gb  stm32f1xx_hal_eth.o [1]
HAL_ETH_Init             0x800'121d   0x15c  Code  Gb  stm32f1xx_hal_eth.o [1]
HAL_ETH_MspDeInit        0x800'1c8f    0x50  Code  Gb  stm32f1xx_hal_msp.o [1]
HAL_ETH_MspInit          0x800'1b83    0xfe  Code  Gb  stm32f1xx_hal_msp.o [1]
HAL_ETH_ReadPHYRegister
                         0x800'1685    0x78  Code  Gb  stm32f1xx_hal_eth.o [1]
HAL_ETH_Start            0x800'1773    0x5e  Code  Gb  stm32f1xx_hal_eth.o [1]
HAL_ETH_TransmitFrame    0x800'14a7    0xea  Code  Gb  stm32f1xx_hal_eth.o [1]
HAL_ETH_WritePHYRegister
                         0x800'16fd    0x5a  Code  Gb  stm32f1xx_hal_eth.o [1]
HAL_FLASHEx_Erase        0x800'3161    0x94  Code  Gb  stm32f1xx_hal_flash_ex.o [1]
HAL_FLASH_Lock           0x800'308f     0xa  Code  Gb  stm32f1xx_hal_flash.o [1]
HAL_FLASH_Program        0x800'2ff9    0x76  Code  Gb  stm32f1xx_hal_flash.o [1]
HAL_FLASH_Unlock         0x800'306f    0x20  Code  Gb  stm32f1xx_hal_flash.o [1]
HAL_GPIO_DeInit          0x800'2cc5    0xca  Code  Gb  stm32f1xx_hal_gpio.o [1]
HAL_GPIO_Init            0x800'2b45   0x180  Code  Gb  stm32f1xx_hal_gpio.o [1]
HAL_GPIO_TogglePin       0x800'2d97    0x10  Code  Gb  stm32f1xx_hal_gpio.o [1]
HAL_GPIO_WritePin        0x800'2d8f     0x8  Code  Gb  stm32f1xx_hal_gpio.o [1]
HAL_GetTick              0x800'1cfd     0xc  Code  Wk  stm32f1xx_hal.o [1]
HAL_IncTick              0x800'3b19    0x10  Code  Wk  stm32f1xx_hal.o [1]
HAL_Init                 0x800'3679    0x20  Code  Gb  stm32f1xx_hal.o [1]
HAL_InitTick             0x800'2e79    0x68  Code  Gb  stm32f1xx_hal_timebase_tim.o [1]
HAL_MspInit              0x800'1b4d    0x36  Code  Gb  stm32f1xx_hal_msp.o [1]
HAL_NVIC_DisableIRQ      0x800'2e61     0x2  Code  Gb  stm32f1xx_hal_cortex.o [1]
HAL_NVIC_EnableIRQ       0x800'2e4b    0x16  Code  Gb  stm32f1xx_hal_cortex.o [1]
HAL_NVIC_SetPriority     0x800'2e11    0x3a  Code  Gb  stm32f1xx_hal_cortex.o [1]
HAL_NVIC_SetPriorityGrouping
                         0x800'2df7    0x1a  Code  Gb  stm32f1xx_hal_cortex.o [1]
HAL_RCCEx_PeriphCLKConfig
                         0x800'3999   0x16e  Code  Gb  stm32f1xx_hal_rcc_ex.o [1]
HAL_RCC_ClockConfig      0x800'21dd   0x104  Code  Gb  stm32f1xx_hal_rcc.o [1]
HAL_RCC_DeInit           0x800'1d09   0x10c  Code  Gb  stm32f1xx_hal_rcc.o [1]
HAL_RCC_GetClockConfig   0x800'23e3    0x36  Code  Gb  stm32f1xx_hal_rcc.o [1]
HAL_RCC_GetHCLKFreq      0x800'23bd     0x6  Code  Gb  stm32f1xx_hal_rcc.o [1]
HAL_RCC_GetPCLK2Freq     0x800'23c5    0x18  Code  Gb  stm32f1xx_hal_rcc.o [1]
HAL_RCC_GetSysClockFreq
                         0x800'2341    0x7c  Code  Gb  stm32f1xx_hal_rcc.o [1]
HAL_RCC_GetSysClockFreq::aPLLMULFactorTable
                         0x800'2448    0x10  Data  Lc  stm32f1xx_hal_rcc.o [1]
HAL_RCC_GetSysClockFreq::aPredivFactorTable
                         0x800'2458    0x10  Data  Lc  stm32f1xx_hal_rcc.o [1]
HAL_RCC_MCOConfig        0x800'22f5    0x4c  Code  Gb  stm32f1xx_hal_rcc.o [1]
HAL_RCC_OscConfig        0x800'1e15   0x3be  Code  Gb  stm32f1xx_hal_rcc.o [1]
HAL_TIMEx_BreakCallback
                         0x800'3b2f     0x2  Code  Wk  stm32f1xx_hal_tim_ex.o [1]
HAL_TIMEx_CommutCallback
                         0x800'3b33     0x2  Code  Wk  stm32f1xx_hal_tim_ex.o [1]
HAL_TIM_Base_Init        0x800'36f1    0x1a  Code  Gb  stm32f1xx_hal_tim.o [1]
HAL_TIM_Base_Start_IT    0x800'370b    0x5a  Code  Gb  stm32f1xx_hal_tim.o [1]
HAL_TIM_IRQHandler       0x800'37ad   0x142  Code  Gb  stm32f1xx_hal_tim.o [1]
HAL_TIM_PeriodElapsedCallback
                         0x800'35c5    0x66  Code  Gb  main.o [1]
HardFault_Handler        0x800'3d55     0x6  Code  Gb  stm32f1xx_it.o [1]
IP_CONFIG                0x800'4004     0x4  Data  Gb  flash_if.o [1]
IP_GET                   0x800'400c     0x4  Data  Gb  flash_if.o [1]
IP_MASK                  0x800'4008     0x4  Data  Gb  flash_if.o [1]
LOG                      0x800'4802   0x7d0  Data  Gb  flash_if.o [1]
MemManage_Handler        0x800'3d5b     0x2  Code  Gb  stm32f1xx_it.o [1]
NMI_Handler              0x800'3d53     0x2  Code  Gb  stm32f1xx_it.o [1]
PendSV_Handler           0x800'3d6d     0x2  Code  Gb  stm32f1xx_it.o [1]
Region$$Table$$Base      0x800'3e24           --   Gb  - Linker created -
Region$$Table$$Limit     0x800'3e44           --   Gb  - Linker created -
Rx_Buff                 0x2000'027c  0x2fa0  Data  Gb  ethernet.o [1]
SVC_Handler              0x800'3d69     0x2  Code  Gb  stm32f1xx_it.o [1]
Save_CRC_APP             0x800'2a21    0x32  Code  Gb  flash_if.o [1]
SysTick_Handler          0x800'3d6f     0x2  Code  Gb  stm32f1xx_it.o [1]
SystemClock_Config       0x800'34c1    0xa2  Code  Gb  main.o [1]
SystemCoreClock         0x2000'0018     0x4  Data  Gb  system_stm32f1xx.o [1]
SystemInit               0x800'3e8d     0x2  Code  Gb  system_stm32f1xx.o [1]
TFTP_conn                0x800'0c05    0x1a  Code  Gb  ethernet.o [1]
TIM1_UP_IRQHandler       0x800'3d71     0x6  Code  Gb  stm32f1xx_it.o [1]
TIM_Base_SetConfig       0x800'38f5    0x68  Code  Gb  stm32f1xx_hal_tim.o [1]
TransmitPacket           0x800'0e25    0x5a  Code  Gb  ethernet.o [1]
Tx_Buff                 0x2000'321c  0x2fa0  Data  Gb  ethernet.o [1]
UsageFault_Handler       0x800'3d63     0x6  Code  Gb  stm32f1xx_it.o [1]
__NVIC_SetPriority       0x800'2ddd    0x1a  Code  Lc  stm32f1xx_hal_cortex.o [1]
__NVIC_SystemReset       0x800'3d39    0x1a  Code  Lc  stm32f1xx_it.o [1]
__aeabi_ldiv0            0x800'3975          Code  Gb  I64DivZer.o [3]
__aeabi_llsr             0x800'3979          Code  Gb  U64Shr.o [3]
__aeabi_memclr           0x800'1add          Code  Gb  ABImemclr.o [3]
__aeabi_memclr4          0x800'0bc5          Code  Gb  ABImemclr4.o [3]
__aeabi_memcpy           0x800'1a35          Code  Gb  ABImemcpy.o [3]
__aeabi_memcpy4          0x800'1a55          Code  Gb  ABImemcpy.o [3]
__aeabi_memcpy8          0x800'1a55          Code  Gb  ABImemcpy.o [3]
__aeabi_memset           0x800'1ae5          Code  Gb  ABImemset.o [3]
__aeabi_memset4          0x800'0ecd          Code  Gb  ABImemset48.o [3]
__aeabi_memset8          0x800'0ecd          Code  Gb  ABImemset48.o [3]
__cmain                  0x800'3e45          Code  Gb  cmain.o [3]
__exit                   0x800'3e79    0x14  Code  Gb  exit.o [4]
__iar_Memset             0x800'1ae5          Code  Gb  ABImemset.o [3]
__iar_Memset4_word       0x800'0ed5          Code  Gb  ABImemset48.o [3]
__iar_Memset8_word       0x800'0ed5          Code  Gb  ABImemset48.o [3]
__iar_Memset_word        0x800'1aed          Code  Gb  ABImemset.o [3]
__iar_close_ttio         0x800'3dc9    0x2c  Code  Wk  iarttio.o [4]
__iar_data_init3         0x800'3dfd    0x28  Code  Gb  data_init.o [3]
__iar_lookup_ttioh       0x800'3df5     0x8  Code  Gb  XShttio.o [2]
__iar_packbits_init_single3
                         0x800'3d91    0x38  Code  Gb  packbits_init_single.o [3]
__iar_program_start      0x800'3eb1          Code  Gb  cstartup_M.o [3]
__iar_small_uldivmod     0x800'2ef1          Code  Gb  I64DivMod_small.o [3]
__iar_ttio_handles      0x2000'0124     0x8  Data  Lc  XShttio.o [2]
__iar_zero_init3         0x800'0bcb    0x3a  Code  Gb  zero_init3.o [3]
__low_level_init         0x800'3e63     0x4  Code  Gb  low_level_init.o [2]
__vector_table           0x800'0000          Data  Gb  startup_stm32f107xc.o [1]
_call_main               0x800'3e51          Code  Gb  cmain.o [3]
_exit                    0x800'3e6d          Code  Gb  cexit.o [3]
_main                    0x800'3e5f          Code  Gb  cmain.o [3]
arp_table               0x2000'aa2c    0x60  Data  Lc  uip_arp.o [1]
arptime                 0x2000'ab81     0x1  Data  Lc  uip_arp.o [1]
broadcast_ethaddr        0x800'1214     0x8  Data  Lc  uip_arp.o [1]
c                       0x2000'ab21     0x1  Data  Lc  uip.o [1]
chksum                   0x800'01a5    0x38  Code  Lc  uip.o [1]
crc16_ccitt              0x800'36c1    0x30  Code  Gb  crc16.o [1]
crc16tab                 0x800'3b38   0x200  Data  Lc  crc16.o [1]
data_file               0x2000'a214   0x818  Data  Gb  flash_if.o [1]
exit                     0x800'3e67     0x4  Code  Gb  exit.o [2]
fPassed10s              0x2000'ab91     0x1  Data  Gb  stm32f1xx_it.o [1]
fPassed500ms            0x2000'ab90     0x1  Data  Gb  stm32f1xx_it.o [1]
flag_app_start          0x2000'ab70     0x1  Data  Gb  flash_if.o [1]
flag_tftp               0x2000'ab92     0x1  Data  Gb  uip_arp.o [1]
frame_in_to_flash        0x800'25e7   0x156  Code  Gb  flash_if.o [1]
hdma_ETHtomem_dma1_channel1
                        0x2000'aad4    0x44  Data  Gb  ethernet.o [1]
hetho                   0x2000'0130    0x48  Data  Gb  ethernet.o [1]
htim1                   0x2000'aa8c    0x48  Data  Gb  stm32f1xx_hal_timebase_tim.o [1]
i                       0x2000'ab80     0x1  Data  Lc  uip_arp.o [1]
idBase0                 0x2000'0000     0x4  Data  Gb  flash_if.o [1]
idBase1                 0x2000'0004     0x4  Data  Gb  flash_if.o [1]
idBase2                 0x2000'0008     0x4  Data  Gb  flash_if.o [1]
ipaddr                  0x2000'ab84     0x4  Data  Lc  uip_arp.o [1]
ipid                    0x2000'ab2c     0x2  Data  Lc  uip.o [1]
iss                     0x2000'ab18     0x4  Data  Lc  uip.o [1]
jamp_to_app              0x800'253d    0xaa  Code  Gb  flash_if.o [1]
lastport                0x2000'ab2e     0x2  Data  Lc  uip.o [1]
load_struct_flash_data   0x800'27a1   0x280  Code  Gb  flash_if.o [1]
main                     0x800'3351   0x170  Code  Gb  main.o [1]
memset                   0x800'2b31    0x14  Code  Gb  memset.o [3]
opcode_out              0x2000'012c     0x1  Data  Gb  uip_arp.o [1]
pFlash                  0x2000'ab50    0x20  Data  Gb  stm32f1xx_hal_flash.o [1]
save_data_blok           0x800'273d    0x62  Code  Gb  flash_if.o [1]
size_block              0x2000'0020     0x2  Data  Gb  tftp.o [1]
srem_addr               0x2000'001e     0x2  Data  Gb  tftp.o [1]
srport                  0x2000'0022     0x2  Data  Gb  tftp.o [1]
tftp_nblock             0x2000'001c     0x2  Data  Gb  tftp.o [1]
timer_to_app            0x2000'ab74     0x4  Data  Gb  flash_if.o [1]
timer_uip               0x2000'ab4c     0x4  Data  Gb  stm32f1xx_it.o [1]
uIP_PeriodicFunc         0x800'0d33    0xf2  Code  Gb  ethernet.o [1]
udp_conn                0x2000'0178     0x4  Data  Gb  ethernet.o [1]
udp_newdata              0x800'195d    0x76  Code  Gb  tftp.o [1]
uip_acc32               0x2000'ab1c     0x4  Data  Gb  uip.o [1]
uip_add32                0x800'0151    0x54  Code  Gb  uip.o [1]
uip_add_rcv_nxt          0x800'0317    0x2a  Code  Lc  uip.o [1]
uip_appcall              0x800'0cdf    0x1a  Code  Gb  ethernet.o [1]
uip_appdata             0x2000'ab3c     0x4  Data  Gb  uip.o [1]
uip_arp_arpin            0x800'102b    0xb2  Code  Gb  uip_arp.o [1]
uip_arp_init             0x800'0f09    0x22  Code  Gb  uip_arp.o [1]
uip_arp_out              0x800'10dd   0x108  Code  Gb  uip_arp.o [1]
uip_arp_timer            0x800'0f2b    0x3a  Code  Gb  uip_arp.o [1]
uip_arp_update           0x800'0f65    0xc6  Code  Lc  uip_arp.o [1]
uip_buf                 0x2000'8c60   0x5e0  Data  Gb  uip.o [1]
uip_conn                0x2000'ab44     0x4  Data  Gb  uip.o [1]
uip_conns               0x2000'61bc  0x1e8c  Data  Gb  uip.o [1]
uip_draddr              0x2000'ab88     0x4  Data  Gb  uip.o [1]
uip_ethaddr             0x2000'ab78     0x8  Data  Gb  uip.o [1]
uip_flags               0x2000'ab20     0x1  Data  Gb  uip.o [1]
uip_hostaddr            0x2000'ab24     0x4  Data  Gb  uip.o [1]
uip_init                 0x800'023d    0x42  Code  Gb  uip.o [1]
uip_ipchksum             0x800'01dd    0x20  Code  Gb  uip.o [1]
uip_len                 0x2000'ab28     0x2  Data  Gb  uip.o [1]
uip_listenports         0x2000'ab30     0xc  Data  Gb  uip.o [1]
uip_netmask             0x2000'ab8c     0x4  Data  Gb  uip.o [1]
uip_process              0x800'0341   0x856  Code  Gb  uip.o [1]
uip_sappdata            0x2000'ab40     0x4  Data  Gb  uip.o [1]
uip_slen                0x2000'ab2a     0x2  Data  Gb  uip.o [1]
uip_tcpchksum            0x800'01fd    0x40  Code  Gb  uip.o [1]
uip_udp_appcall          0x800'0cf9    0x3a  Code  Gb  ethernet.o [1]
uip_udp_conn            0x2000'ab48     0x4  Data  Gb  uip.o [1]
uip_udp_conns           0x2000'8048   0xc18  Data  Gb  uip.o [1]
uip_udp_new              0x800'027f    0x98  Code  Gb  uip.o [1]
uwTick                  0x2000'0010     0x4  Data  Gb  stm32f1xx_hal.o [1]
uwTickFreq              0x2000'000c     0x1  Data  Gb  stm32f1xx_hal.o [1]
uwTickPrio              0x2000'0014     0x4  Data  Gb  stm32f1xx_hal.o [1]


[1] = E:\ika\development\F107\boot1\boot_tftp\boot2\EWARM\boot2\Obj
[2] = dl7M_tlf.a
[3] = rt7M_tl.a
[4] = shb_l.a

  15'746 bytes of readonly  code memory
     591 bytes of readonly  data memory (+ 2'028 absolute)
  52'112 bytes of readwrite data memory

Errors: none
Warnings: none
