###############################################################################
#
# IAR ELF Linker V8.42.1.236/W32 for ARM                  08/Jul/2021  22:11:42
# Copyright 2007-2019 IAR Systems AB.
#
#    Output file  =
#        D:\ika\development\NETPING_PROJECT\59\boot_tftp\boot2\EWARM\boot2\Exe\boot2.out
#    Map file     =
#        D:\ika\development\NETPING_PROJECT\59\boot_tftp\boot2\EWARM\boot2\List\boot2.map
#    Command line =
#        -f C:\Users\ivanov\AppData\Local\Temp\EW2696.tmp
#        (D:\ika\development\NETPING_PROJECT\59\boot_tftp\boot2\EWARM\boot2\Obj\clock-arch.o
#        D:\ika\development\NETPING_PROJECT\59\boot_tftp\boot2\EWARM\boot2\Obj\crc16.o
#        D:\ika\development\NETPING_PROJECT\59\boot_tftp\boot2\EWARM\boot2\Obj\ethernet.o
#        D:\ika\development\NETPING_PROJECT\59\boot_tftp\boot2\EWARM\boot2\Obj\flash_if.o
#        D:\ika\development\NETPING_PROJECT\59\boot_tftp\boot2\EWARM\boot2\Obj\main.o
#        D:\ika\development\NETPING_PROJECT\59\boot_tftp\boot2\EWARM\boot2\Obj\psock.o
#        D:\ika\development\NETPING_PROJECT\59\boot_tftp\boot2\EWARM\boot2\Obj\startup_stm32f107xc.o
#        D:\ika\development\NETPING_PROJECT\59\boot_tftp\boot2\EWARM\boot2\Obj\stm32f1xx_hal.o
#        D:\ika\development\NETPING_PROJECT\59\boot_tftp\boot2\EWARM\boot2\Obj\stm32f1xx_hal_cortex.o
#        D:\ika\development\NETPING_PROJECT\59\boot_tftp\boot2\EWARM\boot2\Obj\stm32f1xx_hal_dma.o
#        D:\ika\development\NETPING_PROJECT\59\boot_tftp\boot2\EWARM\boot2\Obj\stm32f1xx_hal_eth.o
#        D:\ika\development\NETPING_PROJECT\59\boot_tftp\boot2\EWARM\boot2\Obj\stm32f1xx_hal_exti.o
#        D:\ika\development\NETPING_PROJECT\59\boot_tftp\boot2\EWARM\boot2\Obj\stm32f1xx_hal_flash.o
#        D:\ika\development\NETPING_PROJECT\59\boot_tftp\boot2\EWARM\boot2\Obj\stm32f1xx_hal_flash_ex.o
#        D:\ika\development\NETPING_PROJECT\59\boot_tftp\boot2\EWARM\boot2\Obj\stm32f1xx_hal_gpio.o
#        D:\ika\development\NETPING_PROJECT\59\boot_tftp\boot2\EWARM\boot2\Obj\stm32f1xx_hal_gpio_ex.o
#        D:\ika\development\NETPING_PROJECT\59\boot_tftp\boot2\EWARM\boot2\Obj\stm32f1xx_hal_msp.o
#        D:\ika\development\NETPING_PROJECT\59\boot_tftp\boot2\EWARM\boot2\Obj\stm32f1xx_hal_pwr.o
#        D:\ika\development\NETPING_PROJECT\59\boot_tftp\boot2\EWARM\boot2\Obj\stm32f1xx_hal_rcc.o
#        D:\ika\development\NETPING_PROJECT\59\boot_tftp\boot2\EWARM\boot2\Obj\stm32f1xx_hal_rcc_ex.o
#        D:\ika\development\NETPING_PROJECT\59\boot_tftp\boot2\EWARM\boot2\Obj\stm32f1xx_hal_rtc.o
#        D:\ika\development\NETPING_PROJECT\59\boot_tftp\boot2\EWARM\boot2\Obj\stm32f1xx_hal_rtc_ex.o
#        D:\ika\development\NETPING_PROJECT\59\boot_tftp\boot2\EWARM\boot2\Obj\stm32f1xx_hal_tim.o
#        D:\ika\development\NETPING_PROJECT\59\boot_tftp\boot2\EWARM\boot2\Obj\stm32f1xx_hal_tim_ex.o
#        D:\ika\development\NETPING_PROJECT\59\boot_tftp\boot2\EWARM\boot2\Obj\stm32f1xx_hal_timebase_tim.o
#        D:\ika\development\NETPING_PROJECT\59\boot_tftp\boot2\EWARM\boot2\Obj\stm32f1xx_hal_wwdg.o
#        D:\ika\development\NETPING_PROJECT\59\boot_tftp\boot2\EWARM\boot2\Obj\stm32f1xx_it.o
#        D:\ika\development\NETPING_PROJECT\59\boot_tftp\boot2\EWARM\boot2\Obj\system_stm32f1xx.o
#        D:\ika\development\NETPING_PROJECT\59\boot_tftp\boot2\EWARM\boot2\Obj\tftp.o
#        D:\ika\development\NETPING_PROJECT\59\boot_tftp\boot2\EWARM\boot2\Obj\timer.o
#        D:\ika\development\NETPING_PROJECT\59\boot_tftp\boot2\EWARM\boot2\Obj\uip-fw.o
#        D:\ika\development\NETPING_PROJECT\59\boot_tftp\boot2\EWARM\boot2\Obj\uip-neighbor.o
#        D:\ika\development\NETPING_PROJECT\59\boot_tftp\boot2\EWARM\boot2\Obj\uip-split.o
#        D:\ika\development\NETPING_PROJECT\59\boot_tftp\boot2\EWARM\boot2\Obj\uip.o
#        D:\ika\development\NETPING_PROJECT\59\boot_tftp\boot2\EWARM\boot2\Obj\uip_arp.o
#        D:\ika\development\NETPING_PROJECT\59\boot_tftp\boot2\EWARM\boot2\Obj\uiplib.o
#        --no_out_extension -o
#        D:\ika\development\NETPING_PROJECT\59\boot_tftp\boot2\EWARM\boot2\Exe\boot2.out
#        --redirect _Printf=_PrintfTiny --redirect _Scanf=_ScanfSmallNoMb --map
#        D:\ika\development\NETPING_PROJECT\59\boot_tftp\boot2\EWARM\boot2\List\boot2.map
#        --log modules,sections,call_graph --log_file
#        D:\ika\development\NETPING_PROJECT\59\boot_tftp\boot2\EWARM\boot2\List\boot2.log
#        --config
#        D:\ika\development\NETPING_PROJECT\59\boot_tftp\boot2\EWARM\stm32f107xc_flash.icf
#        --semihosting --entry __iar_program_start --no_vfe --text_out locale
#        --no_free_heap)
#
###############################################################################

*******************************************************************************
*** RUNTIME MODEL ATTRIBUTES
***

CppFlavor       = *
__Heap_Handler  = NoFree
__SystemLibrary = DLib
__dlib_version  = 6


*******************************************************************************
*** HEAP SELECTION
***

The no free heap was selected because of --no_free_heap.


*******************************************************************************
*** PLACEMENT SUMMARY
***

"A0":  place at address 0x800'0000 { ro section .intvec };
"P1":  place in [from 0x800'0000 to 0x800'5000] { ro };
define block CSTACK with size = 8K, alignment = 8 { };
define block HEAP with size = 19'968, alignment = 8 { };
"P2":  place in [from 0x2000'0000 to 0x2000'ffff] {
          rw, block CSTACK, block HEAP };
initialize by copy { rw };

  Section            Kind         Address    Size  Object
  -------            ----         -------    ----  ------
"A0":                                       0x150
  .intvec            ro code   0x800'0000   0x150  startup_stm32f107xc.o [1]
                             - 0x800'0150   0x150

"P1", part 1 of 2:                         0x4761
  .text              ro code   0x800'0150   0xbac  uip.o [1]
  .text              ro code   0x800'0cfc    0x3a  ABImemset48.o [3]
  .text              ro code   0x800'0d36    0x3a  zero_init3.o [3]
  .text              ro code   0x800'0d70   0x304  ethernet.o [1]
  .text              ro code   0x800'1074   0x340  uip_arp.o [1]
  .text              ro code   0x800'13b4   0x5f0  stm32f1xx_hal_eth.o [1]
  .text              ro code   0x800'19a4    0xe4  tftp.o [1]
  .text              ro code   0x800'1a88    0xa6  ABImemcpy.o [3]
  .text              ro code   0x800'1b30    0x66  ABImemset.o [3]
  .text              ro code   0x800'1b98   0x1a8  stm32f1xx_hal_msp.o [1]
  .text              ro code   0x800'1d40     0xc  stm32f1xx_hal.o [1]
  .text              ro code   0x800'1d4c   0x7c8  stm32f1xx_hal_rcc.o [1]
  .text              ro code   0x800'2514     0x2  stm32f1xx_hal_eth.o [1]
  .text              ro code   0x800'2516     0x2  stm32f1xx_hal_eth.o [1]
  .text              ro code   0x800'2518     0x2  stm32f1xx_hal_eth.o [1]
  .text              ro code   0x800'251c    0x28  stm32f1xx_hal.o [1]
  .text              ro code   0x800'2544   0xa70  flash_if.o [1]
  .text              ro code   0x800'2fb4    0x14  memset.o [3]
  .text              ro code   0x800'2fc8   0x2d0  stm32f1xx_hal_gpio.o [1]
  .text              ro code   0x800'3298    0xc4  stm32f1xx_hal_cortex.o [1]
  .text              ro code   0x800'335c    0x7c  stm32f1xx_hal_timebase_tim.o [1]
  .text              ro code   0x800'33d8   0x230  I64DivMod.o [3]
  .text              ro code   0x800'3608   0x190  stm32f1xx_hal_flash.o [1]
  .text              ro code   0x800'3798    0xdc  stm32f1xx_hal_flash_ex.o [1]
  .text              ro code   0x800'3874   0x120  stm32f1xx_hal_dma.o [1]
  .text              ro code   0x800'3994   0x57c  main.o [1]
  .text              ro code   0x800'3f10    0x48  stm32f1xx_hal.o [1]
  .text              ro code   0x800'3f58    0x34  crc16.o [1]
  .text              ro code   0x800'3f8c   0x292  stm32f1xx_hal_tim.o [1]
  .text              ro code   0x800'4220     0x2  I64DivZer.o [3]
  .text              ro code   0x800'4224    0x1e  U64Shr.o [3]
  .text              ro code   0x800'4244    0x1c  stm32f1xx_hal_rtc_ex.o [1]
  .text              ro code   0x800'4260   0x194  stm32f1xx_hal_rcc_ex.o [1]
  .text              ro code   0x800'43f4    0x10  stm32f1xx_hal.o [1]
  .text              ro code   0x800'4404     0x2  stm32f1xx_hal.o [1]
  .text              ro code   0x800'4406     0x2  stm32f1xx_hal_tim.o [1]
  .text              ro code   0x800'4408     0x2  stm32f1xx_hal_tim.o [1]
  .text              ro code   0x800'440a     0x2  stm32f1xx_hal_tim.o [1]
  .text              ro code   0x800'440c     0x2  stm32f1xx_hal_tim_ex.o [1]
  .text              ro code   0x800'440e     0x2  stm32f1xx_hal_tim.o [1]
  .text              ro code   0x800'4410     0x2  stm32f1xx_hal_tim_ex.o [1]
  .rodata            const     0x800'4414   0x200  crc16.o [1]
  .text              ro code   0x800'4614    0x5c  stm32f1xx_it.o [1]
  .text              ro code   0x800'4670    0x38  packbits_init_single.o [3]
  .text              ro code   0x800'46a8    0x2c  iarttio.o [4]
  .text              ro code   0x800'46d4     0x8  XShttio.o [2]
  .text              ro code   0x800'46dc    0x28  data_init.o [3]
  .iar.init_table    const     0x800'4704    0x20  - Linker created -
  .text              ro code   0x800'4724    0x1e  cmain.o [3]
  .text              ro code   0x800'4742     0x4  low_level_init.o [2]
  .text              ro code   0x800'4746     0x4  exit.o [2]
  .text              ro code   0x800'474c     0xa  cexit.o [3]
  .text              ro code   0x800'4758    0x14  exit.o [4]
  .text              ro code   0x800'476c    0x14  system_stm32f1xx.o [1]
  .text              ro code   0x800'4780    0x10  startup_stm32f107xc.o [1]
  .text              ro code   0x800'4790     0xc  cstartup_M.o [3]
  .rodata            const     0x800'479c     0x8  system_stm32f1xx.o [1]
  .text              ro code   0x800'47a4     0x4  startup_stm32f107xc.o [1]
  .text              ro code   0x800'47a8     0x4  startup_stm32f107xc.o [1]
  .text              ro code   0x800'47ac     0x4  startup_stm32f107xc.o [1]
  .text              ro code   0x800'47b0     0x4  startup_stm32f107xc.o [1]
  .text              ro code   0x800'47b4     0x4  startup_stm32f107xc.o [1]
  .text              ro code   0x800'47b8     0x4  startup_stm32f107xc.o [1]
  .text              ro code   0x800'47bc     0x4  startup_stm32f107xc.o [1]
  .text              ro code   0x800'47c0     0x4  startup_stm32f107xc.o [1]
  .text              ro code   0x800'47c4     0x4  startup_stm32f107xc.o [1]
  .text              ro code   0x800'47c8     0x4  startup_stm32f107xc.o [1]
  .text              ro code   0x800'47cc     0x4  startup_stm32f107xc.o [1]
  .text              ro code   0x800'47d0     0x4  startup_stm32f107xc.o [1]
  .text              ro code   0x800'47d4     0x4  startup_stm32f107xc.o [1]
  .text              ro code   0x800'47d8     0x4  startup_stm32f107xc.o [1]
  .text              ro code   0x800'47dc     0x4  startup_stm32f107xc.o [1]
  .text              ro code   0x800'47e0     0x4  startup_stm32f107xc.o [1]
  .text              ro code   0x800'47e4     0x4  startup_stm32f107xc.o [1]
  .text              ro code   0x800'47e8     0x4  startup_stm32f107xc.o [1]
  .text              ro code   0x800'47ec     0x4  startup_stm32f107xc.o [1]
  .text              ro code   0x800'47f0     0x4  startup_stm32f107xc.o [1]
  .text              ro code   0x800'47f4     0x4  startup_stm32f107xc.o [1]
  .text              ro code   0x800'47f8     0x4  startup_stm32f107xc.o [1]
  .text              ro code   0x800'47fc     0x4  startup_stm32f107xc.o [1]
  .text              ro code   0x800'4800     0x4  startup_stm32f107xc.o [1]
  .text              ro code   0x800'4804     0x4  startup_stm32f107xc.o [1]
  .text              ro code   0x800'4808     0x4  startup_stm32f107xc.o [1]
  .text              ro code   0x800'480c     0x4  startup_stm32f107xc.o [1]
  .text              ro code   0x800'4810     0x4  startup_stm32f107xc.o [1]
  .text              ro code   0x800'4814     0x4  startup_stm32f107xc.o [1]
  .text              ro code   0x800'4818     0x4  startup_stm32f107xc.o [1]
  .text              ro code   0x800'481c     0x4  startup_stm32f107xc.o [1]
  .text              ro code   0x800'4820     0x4  startup_stm32f107xc.o [1]
  .text              ro code   0x800'4824     0x4  startup_stm32f107xc.o [1]
  .text              ro code   0x800'4828     0x4  startup_stm32f107xc.o [1]
  .text              ro code   0x800'482c     0x4  startup_stm32f107xc.o [1]
  .text              ro code   0x800'4830     0x4  startup_stm32f107xc.o [1]
  .text              ro code   0x800'4834     0x4  startup_stm32f107xc.o [1]
  .text              ro code   0x800'4838     0x4  startup_stm32f107xc.o [1]
  .text              ro code   0x800'483c     0x4  startup_stm32f107xc.o [1]
  .text              ro code   0x800'4840     0x4  startup_stm32f107xc.o [1]
  .text              ro code   0x800'4844     0x4  startup_stm32f107xc.o [1]
  .text              ro code   0x800'4848     0x4  startup_stm32f107xc.o [1]
  .text              ro code   0x800'484c     0x4  startup_stm32f107xc.o [1]
  .text              ro code   0x800'4850     0x4  startup_stm32f107xc.o [1]
  .text              ro code   0x800'4854     0x4  startup_stm32f107xc.o [1]
  .text              ro code   0x800'4858     0x4  startup_stm32f107xc.o [1]
  .text              ro code   0x800'485c     0x4  startup_stm32f107xc.o [1]
  .text              ro code   0x800'4860     0x4  startup_stm32f107xc.o [1]
  .text              ro code   0x800'4864     0x4  startup_stm32f107xc.o [1]
  .text              ro code   0x800'4868     0x4  startup_stm32f107xc.o [1]
  .text              ro code   0x800'486c     0x4  startup_stm32f107xc.o [1]
  .text              ro code   0x800'4870     0x4  startup_stm32f107xc.o [1]
  .text              ro code   0x800'4874     0x4  startup_stm32f107xc.o [1]
  .text              ro code   0x800'4878     0x4  startup_stm32f107xc.o [1]
  .text              ro code   0x800'487c     0x4  startup_stm32f107xc.o [1]
  .text              ro code   0x800'4880     0x4  startup_stm32f107xc.o [1]
  .text              ro code   0x800'4884     0x4  startup_stm32f107xc.o [1]
  .text              ro code   0x800'4888     0x4  startup_stm32f107xc.o [1]
  Initializer bytes  const     0x800'488c    0x25  <for P2-1>
                             - 0x800'48b1  0x4761

"P1", part 2 of 2:                            0x0
  .rodata            const     0x800'4fff     0x0  zero_init3.o [3]
  .rodata            const     0x800'4fff     0x0  packbits_init_single.o [3]

Absolute sections, part 1 of 2:              0x1c
  .rodata            const     0x800'5000     0x2  flash_if.o [1]
  .rodata            const     0x800'5002     0x2  flash_if.o [1]
  .rodata            const     0x800'5004     0x4  flash_if.o [1]
  .rodata            const     0x800'5008     0x4  flash_if.o [1]
  .rodata            const     0x800'500c     0x4  flash_if.o [1]
  .rodata            const     0x800'5010     0x4  flash_if.o [1]
  .rodata            const     0x800'5014     0x4  flash_if.o [1]
  .rodata            const     0x800'5018     0x4  flash_if.o [1]
                             - 0x800'501c    0x1c

Absolute sections, part 2 of 2:             0x7d0
  .rodata            const     0x800'5802   0x7d0  flash_if.o [1]
                             - 0x800'5fd2   0x7d0

"P2", part 1 of 3:                          0x12d
  P2-1                        0x2000'0000   0x12d  <Init block>
    .data            inited   0x2000'0000     0xc  flash_if.o [1]
    .data            inited   0x2000'000c     0xc  stm32f1xx_hal.o [1]
    .data            inited   0x2000'0018     0x4  system_stm32f1xx.o [1]
    .data            inited   0x2000'001c   0x108  tftp.o [1]
    .data            inited   0x2000'0124     0x8  XShttio.o [2]
    .data            inited   0x2000'012c     0x1  uip_arp.o [1]
                            - 0x2000'012d   0x12d

"P2", part 2 of 3:                         0xa54c
  .bss               zero     0x2000'0130  0x608c  ethernet.o [1]
  .bss               zero     0x2000'61bc  0x1e8c  uip.o [1]
  .bss               zero     0x2000'8048  0x10a8  flash_if.o [1]
  .bss               zero     0x2000'90f0   0x818  flash_if.o [1]
  .bss               zero     0x2000'9908   0x60c  uip.o [1]
  .bss               zero     0x2000'9f14   0x5e0  uip.o [1]
  .bss               zero     0x2000'a4f4    0x60  uip_arp.o [1]
  .bss               zero     0x2000'a554    0x48  stm32f1xx_hal_timebase_tim.o [1]
  .bss               zero     0x2000'a59c    0x44  ethernet.o [1]
  .bss               zero     0x2000'a5e0    0x38  uip.o [1]
  .bss               zero     0x2000'a618    0x20  stm32f1xx_hal_flash.o [1]
  .bss               zero     0x2000'a638    0x14  main.o [1]
  .bss               zero     0x2000'a64c     0x8  flash_if.o [1]
  .bss               zero     0x2000'a654     0x8  uip.o [1]
  .bss               zero     0x2000'a65c     0x8  uip_arp.o [1]
  .bss               zero     0x2000'a664     0x4  flash_if.o [1]
  .bss               zero     0x2000'a668     0x4  flash_if.o [1]
  .bss               zero     0x2000'a66c     0x4  stm32f1xx_it.o [1]
  .bss               zero     0x2000'a670     0x4  uip.o [1]
  .bss               zero     0x2000'a674     0x4  uip.o [1]
  .bss               zero     0x2000'a678     0x1  flash_if.o [1]
  .bss               zero     0x2000'a679     0x1  stm32f1xx_it.o [1]
  .bss               zero     0x2000'a67a     0x1  stm32f1xx_it.o [1]
  .bss               zero     0x2000'a67b     0x1  uip_arp.o [1]
                            - 0x2000'a67c  0xa54c

"P2", part 3 of 3:                         0x2000
  CSTACK                      0x2000'a680  0x2000  <Block>
    CSTACK           uninit   0x2000'a680  0x2000  <Block tail>
                            - 0x2000'c680  0x2000

Unused ranges:

         From           To    Size
         ----           --    ----
   0x800'48b1   0x800'4ffe   0x74e
   0x800'4fff   0x800'4fff     0x1
  0x2000'012d  0x2000'012f     0x3
  0x2000'a67c  0x2000'a67f     0x4
  0x2000'c680  0x2000'ffff  0x3980


*******************************************************************************
*** INIT TABLE
***

          Address      Size
          -------      ----
Zero (__iar_zero_init3)
    1 destination range, total size 0xa54c:
          0x2000'0130  0xa54c

Copy/packbits (__iar_packbits_init_single3)
    1 source range, total size 0x25 (12% of destination):
           0x800'488c    0x25
    1 destination range, total size 0x12d:
          0x2000'0000   0x12d



*******************************************************************************
*** MODULE SUMMARY
***

    Module                        ro code  ro data  rw data  ro data
                                                              (abs)
    ------                        -------  -------  -------  -------
command line/config:
    ----------------------------------------------------------------
    Total:

D:\ika\development\NETPING_PROJECT\59\boot_tftp\boot2\EWARM\boot2\Obj: [1]
    crc16.o                            52      512
    ethernet.o                        772            24'784
    flash_if.o                      2'672        1    6'365    2'028
    main.o                          1'404                20
    startup_stm32f107xc.o             584
    stm32f1xx_hal.o                   142        1       12
    stm32f1xx_hal_cortex.o            196
    stm32f1xx_hal_dma.o               288
    stm32f1xx_hal_eth.o             1'526
    stm32f1xx_hal_flash.o             400                32
    stm32f1xx_hal_flash_ex.o          220
    stm32f1xx_hal_gpio.o              720
    stm32f1xx_hal_msp.o               424
    stm32f1xx_hal_rcc.o             1'992
    stm32f1xx_hal_rcc_ex.o            404
    stm32f1xx_hal_rtc_ex.o             28
    stm32f1xx_hal_tim.o               666
    stm32f1xx_hal_tim_ex.o              4
    stm32f1xx_hal_timebase_tim.o      124                72
    stm32f1xx_it.o                     92                 6
    system_stm32f1xx.o                 20        9        4
    tftp.o                            228       32      264
    uip.o                           2'988            10'944
    uip_arp.o                         832        1      106
    ----------------------------------------------------------------
    Total:                         16'778      556   42'609    2'028

dl7M_tlf.a: [2]
    XShttio.o                           8        1        8
    exit.o                              4
    low_level_init.o                    4
    ----------------------------------------------------------------
    Total:                             16        1        8

rt7M_tl.a: [3]
    ABImemcpy.o                       166
    ABImemset.o                       102
    ABImemset48.o                      58
    I64DivMod.o                       560
    I64DivZer.o                         2
    U64Shr.o                           30
    cexit.o                            10
    cmain.o                            30
    cstartup_M.o                       12
    data_init.o                        40
    memset.o                           20
    packbits_init_single.o             56
    zero_init3.o                       58
    ----------------------------------------------------------------
    Total:                          1'144

shb_l.a: [4]
    exit.o                             20
    iarttio.o                          44
    ----------------------------------------------------------------
    Total:                             64

    Gaps                               16        2
    Linker created                              32    8'192
--------------------------------------------------------------------
    Grand Total:                   18'018      591   50'809    2'028


*******************************************************************************
*** ENTRY LIST
***

Entry                       Address    Size  Type      Object
-----                       -------    ----  ----      ------
.iar.init_table$$Base    0x800'4704           --   Gb  - Linker created -
.iar.init_table$$Limit   0x800'4724           --   Gb  - Linker created -
?main                    0x800'4725          Code  Gb  cmain.o [3]
AHBPrescTable            0x800'4770    0x10  Data  Gb  system_stm32f1xx.o [1]
APBPrescTable            0x800'479c     0x8  Data  Gb  system_stm32f1xx.o [1]
BOOT_EthernetInit        0x800'0d8f    0x90  Code  Gb  ethernet.o [1]
BOOT_VER                 0x800'5018     0x4  Data  Gb  flash_if.o [1]
BusFault_Handler         0x800'4639     0x6  Code  Gb  stm32f1xx_it.o [1]
CRC_APP                  0x800'5000     0x2  Data  Gb  flash_if.o [1]
CRC_BOOT                 0x800'5002     0x2  Data  Gb  flash_if.o [1]
CSTACK$$Base            0x2000'a680           --   Gb  - Linker created -
CSTACK$$Limit           0x2000'c680           --   Gb  - Linker created -
Comp_CRC_APP             0x800'2ec1    0x2e  Code  Gb  flash_if.o [1]
DMARxDscrTab            0x2000'017c    0x80  Data  Gb  ethernet.o [1]
DMATxDscrTab            0x2000'01fc    0x80  Data  Gb  ethernet.o [1]
DeSystemClock_Config     0x800'3d1b    0x60  Code  Gb  main.o [1]
DebugMon_Handler         0x800'4647     0x2  Code  Gb  stm32f1xx_it.o [1]
ETH_Configuration        0x800'0e1f    0x30  Code  Gb  ethernet.o [1]
ETH_DMAReceptionEnable   0x800'1919    0x10  Code  Lc  stm32f1xx_hal_eth.o [1]
ETH_DMATransmissionEnable
                         0x800'1909    0x10  Code  Lc  stm32f1xx_hal_eth.o [1]
ETH_Delay                0x800'1953    0x24  Code  Lc  stm32f1xx_hal_eth.o [1]
ETH_FlushTransmitFIFO    0x800'1929    0x2a  Code  Lc  stm32f1xx_hal_eth.o [1]
ETH_IRQHandler           0x800'4653     0x6  Code  Gb  stm32f1xx_it.o [1]
ETH_MACAddressConfig     0x800'1893    0x2a  Code  Lc  stm32f1xx_hal_eth.o [1]
ETH_MACDMAConfig         0x800'179b    0xf8  Code  Lc  stm32f1xx_hal_eth.o [1]
ETH_MACReceptionEnable   0x800'18e3    0x26  Code  Lc  stm32f1xx_hal_eth.o [1]
ETH_MACTransmissionEnable
                         0x800'18bd    0x26  Code  Lc  stm32f1xx_hal_eth.o [1]
ETH_SendUDPResponse      0x800'1a21    0x48  Code  Gb  tftp.o [1]
ETH_TransmitBuffer      0x2000'0024   0x100  Data  Gb  tftp.o [1]
ETH_WKUP_IRQHandler      0x800'4659     0x6  Code  Gb  stm32f1xx_it.o [1]
Error_Handler            0x800'3f0d     0x4  Code  Gb  main.o [1]
FLASH_If_Erase           0x800'255b    0x42  Code  Gb  flash_if.o [1]
FLASH_If_Init            0x800'2545    0x16  Code  Gb  flash_if.o [1]
FLASH_If_Write           0x800'259d    0x4c  Code  Gb  flash_if.o [1]
FLASH_MassErase          0x800'3835    0x1a  Code  Lc  stm32f1xx_hal_flash_ex.o [1]
FLASH_PageErase          0x800'384f    0x1c  Code  Gb  stm32f1xx_hal_flash_ex.o [1]
FLASH_Program_HalfWord   0x800'36c1    0x14  Code  Lc  stm32f1xx_hal_flash.o [1]
FLASH_SetErrorCode       0x800'3727    0x58  Code  Lc  stm32f1xx_hal_flash.o [1]
FLASH_WaitForLastOperation
                         0x800'36d5    0x52  Code  Gb  stm32f1xx_hal_flash.o [1]
FW_LEN                   0x800'5014     0x4  Data  Gb  flash_if.o [1]
FW_VER                   0x800'5010     0x4  Data  Gb  flash_if.o [1]
FW_data                 0x2000'8048  0x10a8  Data  Gb  flash_if.o [1]
HAL_DMA_DeInit           0x800'38fd    0x82  Code  Gb  stm32f1xx_hal_dma.o [1]
HAL_DMA_Init             0x800'3875    0x88  Code  Gb  stm32f1xx_hal_dma.o [1]
HAL_DeInit               0x800'3f31    0x20  Code  Gb  stm32f1xx_hal.o [1]
HAL_Delay                0x800'251d    0x28  Code  Wk  stm32f1xx_hal.o [1]
HAL_ETH_DMARxDescListInit
                         0x800'14f3    0x70  Code  Gb  stm32f1xx_hal_eth.o [1]
HAL_ETH_DMATxDescListInit
                         0x800'1487    0x6c  Code  Gb  stm32f1xx_hal_eth.o [1]
HAL_ETH_DeInit           0x800'1471    0x16  Code  Gb  stm32f1xx_hal_eth.o [1]
HAL_ETH_GetReceivedFrame
                         0x800'165d    0x88  Code  Gb  stm32f1xx_hal_eth.o [1]
HAL_ETH_IRQHandler       0x800'16e5    0x74  Code  Gb  stm32f1xx_hal_eth.o [1]
HAL_ETH_Init             0x800'13b5    0xbc  Code  Gb  stm32f1xx_hal_eth.o [1]
HAL_ETH_MspDeInit        0x800'1cd3    0x50  Code  Gb  stm32f1xx_hal_msp.o [1]
HAL_ETH_MspInit          0x800'1bcf   0x104  Code  Gb  stm32f1xx_hal_msp.o [1]
HAL_ETH_Start            0x800'1759    0x42  Code  Gb  stm32f1xx_hal_eth.o [1]
HAL_ETH_TransmitFrame    0x800'1563    0xfa  Code  Gb  stm32f1xx_hal_eth.o [1]
HAL_FLASHEx_Erase        0x800'3799    0x9c  Code  Gb  stm32f1xx_hal_flash_ex.o [1]
HAL_FLASH_Lock           0x800'36b3     0xe  Code  Gb  stm32f1xx_hal_flash.o [1]
HAL_FLASH_Program        0x800'3609    0x8e  Code  Gb  stm32f1xx_hal_flash.o [1]
HAL_FLASH_Unlock         0x800'3697    0x1c  Code  Gb  stm32f1xx_hal_flash.o [1]
HAL_GPIO_DeInit          0x800'315b    0xda  Code  Gb  stm32f1xx_hal_gpio.o [1]
HAL_GPIO_Init            0x800'2fc9   0x192  Code  Gb  stm32f1xx_hal_gpio.o [1]
HAL_GPIO_ReadPin         0x800'3235    0x10  Code  Gb  stm32f1xx_hal_gpio.o [1]
HAL_GPIO_TogglePin       0x800'3253    0x10  Code  Gb  stm32f1xx_hal_gpio.o [1]
HAL_GPIO_WritePin        0x800'3245     0xe  Code  Gb  stm32f1xx_hal_gpio.o [1]
HAL_GetTick              0x800'1d41     0xc  Code  Wk  stm32f1xx_hal.o [1]
HAL_IncTick              0x800'43f5    0x10  Code  Wk  stm32f1xx_hal.o [1]
HAL_Init                 0x800'3f11    0x20  Code  Gb  stm32f1xx_hal.o [1]
HAL_InitTick             0x800'335d    0x6a  Code  Gb  stm32f1xx_hal_timebase_tim.o [1]
HAL_MspInit              0x800'1b99    0x36  Code  Gb  stm32f1xx_hal_msp.o [1]
HAL_NVIC_DisableIRQ      0x800'3345     0x2  Code  Gb  stm32f1xx_hal_cortex.o [1]
HAL_NVIC_EnableIRQ       0x800'3343     0x2  Code  Gb  stm32f1xx_hal_cortex.o [1]
HAL_NVIC_SetPriority     0x800'3325    0x1e  Code  Gb  stm32f1xx_hal_cortex.o [1]
HAL_NVIC_SetPriorityGrouping
                         0x800'3323     0x2  Code  Gb  stm32f1xx_hal_cortex.o [1]
HAL_RCCEx_PeriphCLKConfig
                         0x800'4261   0x184  Code  Gb  stm32f1xx_hal_rcc_ex.o [1]
HAL_RCC_ClockConfig      0x800'2251   0x128  Code  Gb  stm32f1xx_hal_rcc.o [1]
HAL_RCC_DeInit           0x800'1d4d   0x110  Code  Gb  stm32f1xx_hal_rcc.o [1]
HAL_RCC_GetClockConfig   0x800'246d    0x34  Code  Gb  stm32f1xx_hal_rcc.o [1]
HAL_RCC_GetHCLKFreq      0x800'2445     0x6  Code  Gb  stm32f1xx_hal_rcc.o [1]
HAL_RCC_GetPCLK2Freq     0x800'244d    0x20  Code  Gb  stm32f1xx_hal_rcc.o [1]
HAL_RCC_GetSysClockFreq
                         0x800'23c5    0x80  Code  Gb  stm32f1xx_hal_rcc.o [1]
HAL_RCC_GetSysClockFreq::aPLLMULFactorTable
                         0x800'24f4    0x10  Data  Lc  stm32f1xx_hal_rcc.o [1]
HAL_RCC_GetSysClockFreq::aPredivFactorTable
                         0x800'2504    0x10  Data  Lc  stm32f1xx_hal_rcc.o [1]
HAL_RCC_MCOConfig        0x800'2379    0x4c  Code  Gb  stm32f1xx_hal_rcc.o [1]
HAL_RCC_OscConfig        0x800'1e5d   0x3f2  Code  Gb  stm32f1xx_hal_rcc.o [1]
HAL_RTCEx_BKUPRead       0x800'4251     0xc  Code  Gb  stm32f1xx_hal_rtc_ex.o [1]
HAL_RTCEx_BKUPWrite      0x800'4245     0xc  Code  Gb  stm32f1xx_hal_rtc_ex.o [1]
HAL_TIMEx_BreakCallback
                         0x800'440d     0x2  Code  Wk  stm32f1xx_hal_tim_ex.o [1]
HAL_TIMEx_CommutCallback
                         0x800'4411     0x2  Code  Wk  stm32f1xx_hal_tim_ex.o [1]
HAL_TIM_Base_Init        0x800'3f8d    0x44  Code  Gb  stm32f1xx_hal_tim.o [1]
HAL_TIM_Base_Start_IT    0x800'3fd1    0x64  Code  Gb  stm32f1xx_hal_tim.o [1]
HAL_TIM_IRQHandler       0x800'4045   0x152  Code  Gb  stm32f1xx_hal_tim.o [1]
HAL_TIM_PeriodElapsedCallback
                         0x800'3d7b   0x130  Code  Gb  main.o [1]
HardFault_Handler        0x800'4631     0x6  Code  Gb  stm32f1xx_it.o [1]
IP_CONFIG                0x800'5004     0x4  Data  Gb  flash_if.o [1]
IP_GET                   0x800'500c     0x4  Data  Gb  flash_if.o [1]
IP_MASK                  0x800'5008     0x4  Data  Gb  flash_if.o [1]
LOG                      0x800'5802   0x7d0  Data  Gb  flash_if.o [1]
MX_DMA_Init              0x800'3b49    0x4c  Code  Lc  main.o [1]
MX_ETH_Init              0x800'3add    0x6c  Code  Lc  main.o [1]
MX_GPIO_Init             0x800'3b95   0x186  Code  Lc  main.o [1]
MemManage_Handler        0x800'4637     0x2  Code  Gb  stm32f1xx_it.o [1]
NMI_Handler              0x800'462f     0x2  Code  Gb  stm32f1xx_it.o [1]
NVIC_EncodePriority      0x800'32ed    0x36  Code  Lc  stm32f1xx_hal_cortex.o [1]
PendSV_Handler           0x800'4649     0x2  Code  Gb  stm32f1xx_it.o [1]
RCC_Delay                0x800'24a1    0x24  Code  Lc  stm32f1xx_hal_rcc.o [1]
Region$$Table$$Base      0x800'4704           --   Gb  - Linker created -
Region$$Table$$Limit     0x800'4724           --   Gb  - Linker created -
Rx_Buff                 0x2000'027c  0x2fa0  Data  Gb  ethernet.o [1]
SVC_Handler              0x800'4645     0x2  Code  Gb  stm32f1xx_it.o [1]
Save_CRC_APP             0x800'2e8f    0x32  Code  Gb  flash_if.o [1]
SysTick_Handler          0x800'464b     0x2  Code  Gb  stm32f1xx_it.o [1]
SystemClock_Config       0x800'39ff    0xde  Code  Gb  main.o [1]
SystemCoreClock         0x2000'0018     0x4  Data  Gb  system_stm32f1xx.o [1]
SystemInit               0x800'476d     0x2  Code  Gb  system_stm32f1xx.o [1]
TFTP_conn                0x800'0d71    0x1e  Code  Gb  ethernet.o [1]
TIM1_UP_IRQHandler       0x800'464d     0x6  Code  Gb  stm32f1xx_it.o [1]
TIM_Base_SetConfig       0x800'4197    0x72  Code  Gb  stm32f1xx_hal_tim.o [1]
TransmitPacket           0x800'0f6f    0x60  Code  Gb  ethernet.o [1]
Tx_Buff                 0x2000'321c  0x2fa0  Data  Gb  ethernet.o [1]
UsageFault_Handler       0x800'463f     0x6  Code  Gb  stm32f1xx_it.o [1]
__NVIC_EnableIRQ         0x800'32bd    0x16  Code  Lc  stm32f1xx_hal_cortex.o [1]
__NVIC_GetPriorityGrouping
                         0x800'32b3     0xa  Code  Lc  stm32f1xx_hal_cortex.o [1]
__NVIC_SetPriority       0x800'32d3    0x1a  Code  Lc  stm32f1xx_hal_cortex.o [1]
__NVIC_SetPriorityGrouping
                         0x800'3299    0x1a  Code  Lc  stm32f1xx_hal_cortex.o [1]
__NVIC_SystemReset       0x800'4615    0x1a  Code  Lc  stm32f1xx_it.o [1]
__aeabi_ldiv0            0x800'4221          Code  Gb  I64DivZer.o [3]
__aeabi_llsr             0x800'4225          Code  Gb  U64Shr.o [3]
__aeabi_memcpy           0x800'1a89          Code  Gb  ABImemcpy.o [3]
__aeabi_memcpy4          0x800'1aa9          Code  Gb  ABImemcpy.o [3]
__aeabi_memcpy8          0x800'1aa9          Code  Gb  ABImemcpy.o [3]
__aeabi_memset           0x800'1b31          Code  Gb  ABImemset.o [3]
__aeabi_memset4          0x800'0cfd          Code  Gb  ABImemset48.o [3]
__aeabi_memset8          0x800'0cfd          Code  Gb  ABImemset48.o [3]
__aeabi_uldivmod         0x800'33d9          Code  Gb  I64DivMod.o [3]
__cmain                  0x800'4725          Code  Gb  cmain.o [3]
__exit                   0x800'4759    0x14  Code  Gb  exit.o [4]
__iar_Memset             0x800'1b31          Code  Gb  ABImemset.o [3]
__iar_Memset4_word       0x800'0d05          Code  Gb  ABImemset48.o [3]
__iar_Memset8_word       0x800'0d05          Code  Gb  ABImemset48.o [3]
__iar_Memset_word        0x800'1b39          Code  Gb  ABImemset.o [3]
__iar_close_ttio         0x800'46a9    0x2c  Code  Wk  iarttio.o [4]
__iar_data_init3         0x800'46dd    0x28  Code  Gb  data_init.o [3]
__iar_lookup_ttioh       0x800'46d5     0x8  Code  Gb  XShttio.o [2]
__iar_packbits_init_single3
                         0x800'4671    0x38  Code  Gb  packbits_init_single.o [3]
__iar_program_start      0x800'4791          Code  Gb  cstartup_M.o [3]
__iar_ttio_handles      0x2000'0124     0x8  Data  Lc  XShttio.o [2]
__iar_zero_init3         0x800'0d37    0x3a  Code  Gb  zero_init3.o [3]
__low_level_init         0x800'4743     0x4  Code  Gb  low_level_init.o [2]
__vector_table           0x800'0000          Data  Gb  startup_stm32f107xc.o [1]
_call_main               0x800'4731          Code  Gb  cmain.o [3]
_exit                    0x800'474d          Code  Gb  cexit.o [3]
_main                    0x800'473f          Code  Gb  cmain.o [3]
arp_table               0x2000'a4f4    0x60  Data  Lc  uip_arp.o [1]
arptime                 0x2000'a65e     0x1  Data  Lc  uip_arp.o [1]
broadcast_ethaddr        0x800'13ac     0x8  Data  Lc  uip_arp.o [1]
c                       0x2000'a5e9     0x1  Data  Lc  uip.o [1]
c                       0x2000'a65d     0x1  Data  Lc  uip_arp.o [1]
chksum                   0x800'01b1    0x3e  Code  Lc  uip.o [1]
crc16_ccitt              0x800'3f59    0x34  Code  Gb  crc16.o [1]
crc16tab                 0x800'4414   0x200  Data  Lc  crc16.o [1]
ct_led_timer            0x2000'a668     0x4  Data  Gb  flash_if.o [1]
data_file               0x2000'90f0   0x818  Data  Gb  flash_if.o [1]
exit                     0x800'4747     0x4  Code  Gb  exit.o [2]
fPassed10s              0x2000'a67a     0x1  Data  Gb  stm32f1xx_it.o [1]
fPassed500ms            0x2000'a679     0x1  Data  Gb  stm32f1xx_it.o [1]
flag_app_start          0x2000'a64c     0x1  Data  Gb  flash_if.o [1]
flag_tftp               0x2000'a67b     0x1  Data  Gb  uip_arp.o [1]
frame_in_to_flash        0x800'2689   0x15a  Code  Gb  flash_if.o [1]
hdma_ETHtomem_dma1_channel1
                        0x2000'a59c    0x44  Data  Gb  ethernet.o [1]
hetho                   0x2000'0130    0x48  Data  Gb  ethernet.o [1]
hrtc                    0x2000'a638    0x14  Data  Gb  main.o [1]
htim1                   0x2000'a554    0x48  Data  Gb  stm32f1xx_hal_timebase_tim.o [1]
i                       0x2000'a65c     0x1  Data  Lc  uip_arp.o [1]
idBase0                 0x2000'0000     0x4  Data  Gb  flash_if.o [1]
idBase1                 0x2000'0004     0x4  Data  Gb  flash_if.o [1]
idBase2                 0x2000'0008     0x4  Data  Gb  flash_if.o [1]
ipaddr                  0x2000'a660     0x4  Data  Lc  uip_arp.o [1]
ipid                    0x2000'a5f4     0x2  Data  Lc  uip.o [1]
iss                     0x2000'a5e0     0x4  Data  Lc  uip.o [1]
jamp_to_app              0x800'25e9    0xa0  Code  Gb  flash_if.o [1]
lastport                0x2000'a5f6     0x2  Data  Lc  uip.o [1]
load_def_data            0x800'284b   0x310  Code  Gb  flash_if.o [1]
load_struct_flash_data   0x800'2b5d   0x332  Code  Gb  flash_if.o [1]
low_level_input          0x800'0fcf    0x5a  Code  Lc  ethernet.o [1]
main                     0x800'3995    0x6a  Code  Gb  main.o [1]
memset                   0x800'2fb5    0x14  Code  Gb  memset.o [3]
newdata                  0x800'0e83     0x2  Code  Gb  ethernet.o [1]
opcode_out              0x2000'012c     0x1  Data  Gb  uip_arp.o [1]
opt                     0x2000'a5ea     0x1  Data  Lc  uip.o [1]
pFlash                  0x2000'a618    0x20  Data  Gb  stm32f1xx_hal_flash.o [1]
save_data_blok           0x800'27e3    0x68  Code  Gb  flash_if.o [1]
size_block              0x2000'0020     0x2  Data  Gb  tftp.o [1]
srem_addr               0x2000'001e     0x2  Data  Gb  tftp.o [1]
srport                  0x2000'0022     0x2  Data  Gb  tftp.o [1]
step_boot               0x2000'a678     0x1  Data  Gb  flash_if.o [1]
tftp_nblock             0x2000'001c     0x2  Data  Gb  tftp.o [1]
timer_start_app         0x2000'a664     0x4  Data  Gb  flash_if.o [1]
timer_to_app            0x2000'a650     0x4  Data  Gb  flash_if.o [1]
timer_uip               0x2000'a66c     0x4  Data  Gb  stm32f1xx_it.o [1]
tmp16                   0x2000'a5f8     0x2  Data  Lc  uip.o [1]
tmpage                  0x2000'a65f     0x1  Data  Lc  uip_arp.o [1]
uIP_PeriodicFunc         0x800'0ec1    0xae  Code  Gb  ethernet.o [1]
udp_conn                0x2000'0178     0x4  Data  Gb  ethernet.o [1]
udp_newdata              0x800'19a5    0x7c  Code  Gb  tftp.o [1]
uip_acc32               0x2000'a5e4     0x4  Data  Gb  uip.o [1]
uip_add32                0x800'0151    0x60  Code  Gb  uip.o [1]
uip_add_rcv_nxt          0x800'0349    0x2a  Code  Lc  uip.o [1]
uip_appcall              0x800'0e4f    0x34  Code  Gb  ethernet.o [1]
uip_appdata             0x2000'a608     0x4  Data  Gb  uip.o [1]
uip_arp_arpin            0x800'11b5    0xba  Code  Gb  uip_arp.o [1]
uip_arp_init             0x800'1075    0x2a  Code  Gb  uip_arp.o [1]
uip_arp_out              0x800'1271   0x118  Code  Gb  uip_arp.o [1]
uip_arp_timer            0x800'109f    0x46  Code  Gb  uip_arp.o [1]
uip_arp_update           0x800'10e5    0xd0  Code  Lc  uip_arp.o [1]
uip_buf                 0x2000'9f14   0x5e0  Data  Gb  uip.o [1]
uip_conn                0x2000'a610     0x4  Data  Gb  uip.o [1]
uip_conns               0x2000'61bc  0x1e8c  Data  Gb  uip.o [1]
uip_draddr              0x2000'a670     0x4  Data  Gb  uip.o [1]
uip_ethaddr             0x2000'a654     0x8  Data  Gb  uip.o [1]
uip_flags               0x2000'a5e8     0x1  Data  Gb  uip.o [1]
uip_hostaddr            0x2000'a5ec     0x4  Data  Gb  uip.o [1]
uip_init                 0x800'0255    0x60  Code  Gb  uip.o [1]
uip_ipchksum             0x800'01ef    0x22  Code  Gb  uip.o [1]
uip_len                 0x2000'a5f0     0x2  Data  Gb  uip.o [1]
uip_listenports         0x2000'a5fc     0xc  Data  Gb  uip.o [1]
uip_netmask             0x2000'a674     0x4  Data  Gb  uip.o [1]
uip_process              0x800'0379   0x970  Code  Gb  uip.o [1]
uip_sappdata            0x2000'a60c     0x4  Data  Gb  uip.o [1]
uip_slen                0x2000'a5f2     0x2  Data  Gb  uip.o [1]
uip_tcpchksum            0x800'0251     0x4  Code  Gb  uip.o [1]
uip_udp_appcall          0x800'0e85    0x3c  Code  Gb  ethernet.o [1]
uip_udp_conn            0x2000'a614     0x4  Data  Gb  uip.o [1]
uip_udp_conns           0x2000'9908   0x60c  Data  Gb  uip.o [1]
uip_udp_new              0x800'02b5    0x94  Code  Gb  uip.o [1]
upper_layer_chksum       0x800'0211    0x40  Code  Lc  uip.o [1]
uwTick                  0x2000'0010     0x4  Data  Gb  stm32f1xx_hal.o [1]
uwTickFreq              0x2000'000c     0x1  Data  Gb  stm32f1xx_hal.o [1]
uwTickPrio              0x2000'0014     0x4  Data  Gb  stm32f1xx_hal.o [1]


[1] = D:\ika\development\NETPING_PROJECT\59\boot_tftp\boot2\EWARM\boot2\Obj
[2] = dl7M_tlf.a
[3] = rt7M_tl.a
[4] = shb_l.a

  18'018 bytes of readonly  code memory
     591 bytes of readonly  data memory (+ 2'028 absolute)
  50'809 bytes of readwrite data memory

Errors: none
Warnings: none
